<html>
<body>
<pre>
<h1>µVision Build Log</h1>
<h2>Project:</h2>
G:\IAPV2\STM32F10x_AN2557_FW_V3.3.0¹Ù·½F1xxµÄÀý³Ì\Project\IAP\MDK-ARM\IAP.uvproj
Project File Date:  05/04/2016

<h2>Output:</h2>
Rebuild target 'STM32100E-EVAL'
compiling common.c...
compiling download.c...
compiling main.c...
compiling stm32f10x_it.c...
compiling ymodem.c...
compiling upload.c...
compiling stm32f10x_dma.c...
compiling stm32f10x_exti.c...
compiling stm32f10x_flash.c...
compiling stm32f10x_gpio.c...
compiling stm32f10x_i2c.c...
compiling stm32f10x_rcc.c...
compiling stm32f10x_sdio.c...
compiling stm32f10x_spi.c...
compiling stm32f10x_usart.c...
compiling misc.c...
compiling core_cm3.c...
compiling system_stm32f10x.c...
compiling stm32_eval.c...
assembling startup_stm32f10x_hd_vl.s...
compiling motor.c...
compiling sys.c...
linking...
Program Size: Code=6076 RO-data=972 RW-data=132 ZI-data=3332  
FromELF: creating hex file...
".\STM32100E-EVAL\STM32100E-EVAL.axf" - 0 Error(s), 0 Warning(s).
</pre>
</body>
</html>
