ARM Linker, 5.03 [Build 76] [MDK-ARM Professional]

==============================================================================

Section Cross References

    startup_stm32f10x_md.o(STACK) refers (Special) to heapauxi.o(.text) for __use_two_region_memory
    startup_stm32f10x_md.o(HEAP) refers (Special) to heapauxi.o(.text) for __use_two_region_memory
    startup_stm32f10x_md.o(RESET) refers (Special) to heapauxi.o(.text) for __use_two_region_memory
    startup_stm32f10x_md.o(RESET) refers to startup_stm32f10x_md.o(STACK) for __initial_sp
    startup_stm32f10x_md.o(RESET) refers to startup_stm32f10x_md.o(.text) for Reset_Handler
    startup_stm32f10x_md.o(RESET) refers to control.o(.text) for TIM1_UP_IRQHandler
    startup_stm32f10x_md.o(RESET) refers to usart.o(.text) for USART1_IRQHandler
    startup_stm32f10x_md.o(RESET) refers to usart2.o(.text) for USART2_IRQHandler
    startup_stm32f10x_md.o(.text) refers (Special) to heapauxi.o(.text) for __use_two_region_memory
    startup_stm32f10x_md.o(.text) refers to __main.o(!!!main) for __main
    startup_stm32f10x_md.o(.text) refers to startup_stm32f10x_md.o(HEAP) for Heap_Mem
    startup_stm32f10x_md.o(.text) refers to startup_stm32f10x_md.o(STACK) for Stack_Mem
    minibalance.o(.text) refers to sys.o(.text) for Stm32_Clock_Init
    minibalance.o(.text) refers to delay.o(.text) for delay_init
    minibalance.o(.text) refers to led.o(.text) for LED_Init
    minibalance.o(.text) refers to key.o(.text) for KEY_Init
    minibalance.o(.text) refers to usart.o(.text) for uart_init
    minibalance.o(.text) refers to usart2.o(.text) for uart2_init
    minibalance.o(.text) refers to motor.o(.text) for MiniBalance_PWM_InitV2
    minibalance.o(.text) refers to timer.o(.text) for Timer1_Init
    minibalance.o(.text) refers to control.o(.text) for MyMotorInt
    minibalance.o(.text) refers to mpu6050.o(.text) for Read_Temperature
    minibalance.o(.text) refers to minibalance.o(.data) for Temperature
    delay.o(.text) refers to delay.o(.data) for fac_us
    sys.o(.text) refers to sys.o(.emb_text) for WFI_SET
    usart.o(.rev16_text) refers (Special) to use_no_semi_2.o(.text) for __use_no_semihosting
    usart.o(.revsh_text) refers (Special) to use_no_semi_2.o(.text) for __use_no_semihosting
    usart.o(.text) refers (Special) to use_no_semi_2.o(.text) for __use_no_semihosting
    usart.o(.text) refers to _scanf_int.o(.text) for _scanf_int
    usart.o(.text) refers to _printf_percent.o(.ARM.Collect$$_printf_percent$$00000000) for _printf_percent
    usart.o(.text) refers to _printf_d.o(.ARM.Collect$$_printf_percent$$00000009) for _printf_d
    usart.o(.text) refers to _printf_dec.o(.text) for _printf_int_dec
    usart.o(.text) refers to scanf1.o(x$fpl$scanf1) for _scanf_real
    usart.o(.text) refers to _printf_pad.o(.text) for _printf_pre_padding
    usart.o(.text) refers to _printf_f.o(.ARM.Collect$$_printf_percent$$00000003) for _printf_f
    usart.o(.text) refers to printf1.o(x$fpl$printf1) for _printf_fp_dec
    usart.o(.text) refers to _scanf_str.o(.text) for _scanf_string
    usart.o(.text) refers to fflt_clz.o(x$fpl$ffltu) for __aeabi_ui2f
    usart.o(.text) refers to fdiv.o(x$fpl$fdiv) for __aeabi_fdiv
    usart.o(.text) refers to ffixu.o(x$fpl$ffixu) for __aeabi_f2uiz
    usart.o(.text) refers to faddsub_clz.o(x$fpl$frsb) for __aeabi_frsub
    usart.o(.text) refers to fmul.o(x$fpl$fmul) for __aeabi_fmul
    usart.o(.text) refers to sys.o(.text) for MY_NVIC_Init
    usart.o(.text) refers to noretval__2printf.o(.text) for __2printf
    usart.o(.text) refers to strcmpv7m.o(.text) for strcmp
    usart.o(.text) refers to control.o(.text) for ConfigMotorCMD
    usart.o(.text) refers to usart.o(.bss) for PktBuf
    usart.o(.text) refers to usart.o(.data) for PktBuf_index
    usart.o(.text) refers to usart.o(.constdata) for .constdata
    usart.o(.text) refers to control.o(.bss) for motorCMD
    usart.o(.text) refers to __0sscanf.o(.text) for __0sscanf
    usart.o(.text) refers to f2d.o(x$fpl$f2d) for __aeabi_f2d
    usart.o(.text) refers to faddsub_clz.o(x$fpl$fadd) for __aeabi_fadd
    usart.o(.text) refers to frleqf.o(x$fpl$frleqf) for __aeabi_cfrcmple
    usart.o(.text) refers to fleqf.o(x$fpl$fleqf) for __aeabi_cfcmple
    usart.o(.text) refers to control.o(.data) for flterLambda
    usart.o(.bss) refers (Special) to use_no_semi_2.o(.text) for __use_no_semihosting
    usart.o(.constdata) refers (Special) to use_no_semi_2.o(.text) for __use_no_semihosting
    usart.o(.data) refers (Special) to use_no_semi_2.o(.text) for __use_no_semihosting
    led.o(.text) refers to led.o(.data) for temp
    key.o(.text) refers to key.o(.data) for flag_key
    oled.o(.text) refers to delay.o(.text) for delay_ms
    oled.o(.text) refers to oled.o(.bss) for OLED_GRAM
    oled.o(.text) refers to oled.o(.constdata) for oled_asc2_1206
    adc.o(.text) refers to dflt_clz.o(x$fpl$dfltu) for __aeabi_ui2d
    adc.o(.text) refers to dmul.o(x$fpl$dmul) for __aeabi_dmul
[...]
    .constdata                               0x0800e0f2   Section     3062  inv_mpu_dmp_motion_driver.o(.constdata)
    dmp_memory                               0x0800e0f2   Data        3062  inv_mpu_dmp_motion_driver.o(.constdata)
    .constdata                               0x0800ece8   Section       80  asin.o(.constdata)
    pS                                       0x0800ece8   Data          48  asin.o(.constdata)
    qS                                       0x0800ed18   Data          32  asin.o(.constdata)
    .constdata                               0x0800ed38   Section      152  atan.o(.constdata)
    atanhi                                   0x0800ed38   Data          32  atan.o(.constdata)
    atanlo                                   0x0800ed58   Data          32  atan.o(.constdata)
    aTodd                                    0x0800ed78   Data          40  atan.o(.constdata)
    aTeven                                   0x0800eda0   Data          48  atan.o(.constdata)
    .constdata                               0x0800edd0   Section       48  cos_i.o(.constdata)
    C                                        0x0800edd0   Data          48  cos_i.o(.constdata)
    .constdata                               0x0800ee00   Section        8  qnan.o(.constdata)
    .constdata                               0x0800ee08   Section      200  rred.o(.constdata)
    pio2s                                    0x0800ee08   Data          48  rred.o(.constdata)
    twooverpi                                0x0800ee38   Data         152  rred.o(.constdata)
    .constdata                               0x0800eed0   Section       40  sin_i.o(.constdata)
    S                                        0x0800eed0   Data          40  sin_i.o(.constdata)
    .constdata                               0x0800eef8   Section      148  bigflt0.o(.constdata)
    tenpwrs_x                                0x0800eef8   Data          60  bigflt0.o(.constdata)
    tenpwrs_i                                0x0800ef34   Data          64  bigflt0.o(.constdata)
    c$$dinf                                  0x0800efac   Section        8  fpconst.o(c$$dinf)
    locale$$data                             0x0800efb4   Section       28  lc_numeric_c.o(locale$$data)
    __lcnum_c_name                           0x0800efb8   Data           2  lc_numeric_c.o(locale$$data)
    __lcnum_c_start                          0x0800efc0   Data           0  lc_numeric_c.o(locale$$data)
    __lcnum_c_point                          0x0800efcc   Data           0  lc_numeric_c.o(locale$$data)
    __lcnum_c_thousands                      0x0800efce   Data           0  lc_numeric_c.o(locale$$data)
    __lcnum_c_grouping                       0x0800efcf   Data           0  lc_numeric_c.o(locale$$data)
    locale$$data                             0x0800efd0   Section      272  lc_ctype_c.o(locale$$data)
    __lcnum_c_end                            0x0800efd0   Data           0  lc_numeric_c.o(locale$$data)
    __lcctype_c_name                         0x0800efd4   Data           2  lc_ctype_c.o(locale$$data)
    __lcctype_c_start                        0x0800efdc   Data           0  lc_ctype_c.o(locale$$data)
    __lcctype_c_end                          0x0800f0e0   Data           0  lc_ctype_c.o(locale$$data)
    .data                                    0x20000000   Section       40  minibalance.o(.data)
    .data                                    0x20000028   Section        4  delay.o(.data)
    fac_us                                   0x20000028   Data           1  delay.o(.data)
    fac_ms                                   0x2000002a   Data           2  delay.o(.data)
    .data                                    0x2000002c   Section       12  usart.o(.data)
    PktBuf_index                             0x2000002c   Data           4  usart.o(.data)
    uart_receive                             0x20000030   Data           1  usart.o(.data)
    .data                                    0x20000038   Section        4  led.o(.data)
    temp                                     0x20000038   Data           4  led.o(.data)
    .data                                    0x2000003c   Section        7  key.o(.data)
    flag_key                                 0x2000003c   Data           1  key.o(.data)
    count_key                                0x2000003d   Data           1  key.o(.data)
    double_key                               0x2000003e   Data           1  key.o(.data)
    count_single                             0x20000040   Data           2  key.o(.data)
    flag_key                                 0x20000042   Data           1  key.o(.data)
    .data                                    0x20000044   Section       20  usart2.o(.data)
    uart_receive                             0x2000004c   Data           4  usart2.o(.data)
    .data                                    0x20000058   Section       93  control.o(.data)
    SysTime                                  0x2000005c   Data           4  control.o(.data)
    Velocity                                 0x20000060   Data           4  control.o(.data)
    Encoder_Least                            0x20000064   Data           4  control.o(.data)
    Encoder                                  0x20000068   Data           4  control.o(.data)
    Movement                                 0x2000006c   Data           4  control.o(.data)
    Encoder_Integral                         0x20000070   Data           4  control.o(.data)
    Turn_Target                              0x20000074   Data           4  control.o(.data)
    Turn                                     0x20000078   Data           4  control.o(.data)
    Encoder_temp                             0x2000007c   Data           4  control.o(.data)
    Turn_Convert                             0x20000080   Data           4  control.o(.data)
    Turn_Count                               0x20000084   Data           4  control.o(.data)
    HismotoA                                 0x20000088   Data           4  control.o(.data)
    HismotoB                                 0x2000008c   Data           4  control.o(.data)
    HismotoC                                 0x20000090   Data           4  control.o(.data)
    HismotoD                                 0x20000094   Data           4  control.o(.data)
    .data                                    0x200000b8   Section       44  inv_mpu.o(.data)
    st                                       0x200000b8   Data          44  inv_mpu.o(.data)
    .data                                    0x200000e4   Section       84  filter.o(.data)
    .data                                    0x20000138   Section       56  mpu6050.o(.data)
    gyro_orientation                         0x20000148   Data           9  mpu6050.o(.data)
    .bss                                     0x20000170   Section      200  usart.o(.bss)
    PktBuf                                   0x20000170   Data         200  usart.o(.bss)
    .bss                                     0x20000238   Section      112  control.o(.bss)
    .bss                                     0x200002a8   Section       16  inv_mpu_dmp_motion_driver.o(.bss)
    dmp                                      0x200002a8   Data          16  inv_mpu_dmp_motion_driver.o(.bss)
    .bss                                     0x200002b8   Section       16  filter.o(.bss)
    .bss                                     0x200002c8   Section      146  mpu6050.o(.bss)
    .bss                                     0x2000035c   Section       96  libspace.o(.bss)
    HEAP                                     0x200003c0   Section      512  startup_stm32f10x_md.o(HEAP)
    Heap_Mem                                 0x200003c0   Data         512  startup_stm32f10x_md.o(HEAP)
    STACK                                    0x200005c0   Section     1024  startup_stm32f10x_md.o(STACK)
    Stack_Mem                                0x200005c0   Data        1024  startup_stm32f10x_md.o(STACK)
    __initial_sp                             0x200009c0   Data           0  startup_stm32f10x_md.o(STACK)

    Global Symbols

    Symbol Name                              Value     Ov Type        Size  Object(Section)

    BuildAttributes$$THM_ISAv4$P$D$K$B$S$PE$A:L22UL41UL21$X:L11$S22US41US21$IEEE1$IW$USESV6$~STKCKD$USESV7$~SHL$OTIME$ROPI$IEEEX$EBA8$UX$STANDARDLIB$REQ8$PRES8$EABIv2 0x00000000   Number         0  anon$$obj.o ABSOLUTE
    __ARM_use_no_argv                        0x00000000   Number         0  minibalance.o ABSOLUTE
    _printf_flags                            0x00000000   Number         0  printf_stubs.o ABSOLUTE
    _printf_return_value                     0x00000000   Number         0  printf_stubs.o ABSOLUTE
    _printf_sizespec                         0x00000000   Number         0  printf_stubs.o ABSOLUTE
    _printf_widthprec                        0x00000000   Number         0  printf_stubs.o ABSOLUTE
    __ARM_exceptions_init                     - Undefined Weak Reference
    __alloca_initialize                       - Undefined Weak Reference
    __cpp_initialize__aeabi_                  - Undefined Weak Reference
    __cxa_finalize                            - Undefined Weak Reference
    __sigvec_lookup                           - Undefined Weak Reference
    _atexit_init                              - Undefined Weak Reference
    _call_atexit_fns                          - Undefined Weak Reference
    _clock_init                               - Undefined Weak Reference
    _fp_trap_init                             - Undefined Weak Reference
    _fp_trap_shutdown                         - Undefined Weak Reference
    _get_lc_collate                           - Undefined Weak Reference
    _get_lc_monetary                          - Undefined Weak Reference
    _get_lc_time                              - Undefined Weak Reference
    _getenv_init                              - Undefined Weak Reference
    _handle_redirection                       - Undefined Weak Reference
    _init_alloc                               - Undefined Weak Reference
    _init_user_alloc                          - Undefined Weak Reference
    _initio                                   - Undefined Weak Reference
    _mutex_acquire                            - Undefined Weak Reference
    _mutex_release                            - Undefined Weak Reference
    _printf_truncate_signed                   - Undefined Weak Reference
    _printf_truncate_unsigned                 - Undefined Weak Reference
    _rand_init                                - Undefined Weak Reference
    _scanf_longlong                           - Undefined Weak Reference
    _scanf_mbtowc                             - Undefined Weak Reference
    _scanf_wctomb                             - Undefined Weak Reference
    _scanf_wstring                            - Undefined Weak Reference
    _signal_finish                            - Undefined Weak Reference
    _signal_init                              - Undefined Weak Reference
    _terminate_alloc                          - Undefined Weak Reference
    _terminate_user_alloc                     - Undefined Weak Reference
    _terminateio                              - Undefined Weak Reference
    __Vectors_Size                           0x000000ec   Number         0  startup_stm32f10x_md.o ABSOLUTE
    __Vectors                                0x08003000   Data           4  startup_stm32f10x_md.o(RESET)
    __Vectors_End                            0x080030ec   Data           0  startup_stm32f10x_md.o(RESET)
    __main                                   0x080030ed   Thumb Code     8  __main.o(!!!main)
    __scatterload                            0x080030f5   Thumb Code     0  __scatter.o(!!!scatter)
    __scatterload_rt2                        0x080030f5   Thumb Code    44  __scatter.o(!!!scatter)
    __scatterload_rt2_thumb_only             0x080030f5   Thumb Code     0  __scatter.o(!!!scatter)
    __scatterload_null                       0x08003103   Thumb Code     0  __scatter.o(!!!scatter)
    __decompress                             0x08003129   Thumb Code    58  __dczerorl.o(!!dczerorl)
    __decompress0                            0x08003129   Thumb Code     0  __dczerorl.o(!!dczerorl)
    __scatterload_zeroinit                   0x08003165   Thumb Code    28  __scatter_zi.o(!!handler_zi)
    _printf_f                                0x08003181   Thumb Code     0  _printf_f.o(.ARM.Collect$$_printf_percent$$00000003)
    _printf_percent                          0x08003181   Thumb Code     0  _printf_percent.o(.ARM.Collect$$_printf_percent$$00000000)
    _printf_d                                0x08003187   Thumb Code     0  _printf_d.o(.ARM.Collect$$_printf_percent$$00000009)
    _printf_percent_end                      0x0800318d   Thumb Code     0  _printf_percent_end.o(.ARM.Collect$$_printf_percent$$00000017)
    __rt_lib_init                            0x08003191   Thumb Code     0  libinit.o(.ARM.Collect$$libinit$$00000000)
    __rt_lib_init_fp_1                       0x08003193   Thumb Code     0  libinit2.o(.ARM.Collect$$libinit$$00000002)
    __rt_lib_init_heap_1                     0x08003193   Thumb Code     0  libinit2.o(.ARM.Collect$$libinit$$00000008)
    __rt_lib_init_lc_common                  0x08003193   Thumb Code     0  libinit2.o(.ARM.Collect$$libinit$$0000000D)
    __rt_lib_init_rand_1                     0x08003193   Thumb Code     0  libinit2.o(.ARM.Collect$$libinit$$0000000C)
    __rt_lib_init_user_alloc_1               0x08003193   Thumb Code     0  libinit2.o(.ARM.Collect$$libinit$$0000000A)
    __rt_lib_init_lc_collate_1               0x08003199   Thumb Code     0  libinit2.o(.ARM.Collect$$libinit$$0000000F)
    __rt_lib_init_lc_ctype_2                 0x08003199   Thumb Code     0  libinit2.o(.ARM.Collect$$libinit$$00000010)
    __rt_lib_init_lc_ctype_1                 0x080031a5   Thumb Code     0  libinit2.o(.ARM.Collect$$libinit$$00000011)
    __rt_lib_init_lc_monetary_1              0x080031a5   Thumb Code     0  libinit2.o(.ARM.Collect$$libinit$$00000013)
    __rt_lib_init_lc_numeric_2               0x080031a5   Thumb Code     0  libinit2.o(.ARM.Collect$$libinit$$00000014)
    __rt_lib_init_alloca_1                   0x080031af   Thumb Code     0  libinit2.o(.ARM.Collect$$libinit$$0000002C)
    __rt_lib_init_argv_1                     0x080031af   Thumb Code     0  libinit2.o(.ARM.Collect$$libinit$$0000002A)
    __rt_lib_init_atexit_1                   0x080031af   Thumb Code     0  libinit2.o(.ARM.Collect$$libinit$$00000019)
    __rt_lib_init_clock_1                    0x080031af   Thumb Code     0  libinit2.o(.ARM.Collect$$libinit$$0000001F)
    __rt_lib_init_cpp_1                      0x080031af   Thumb Code     0  libinit2.o(.ARM.Collect$$libinit$$00000030)
    __rt_lib_init_exceptions_1               0x080031af   Thumb Code     0  libinit2.o(.ARM.Collect$$libinit$$0000002E)
    __rt_lib_init_fp_trap_1                  0x080031af   Thumb Code     0  libinit2.o(.ARM.Collect$$libinit$$0000001D)
    __rt_lib_init_getenv_1                   0x080031af   Thumb Code     0  libinit2.o(.ARM.Collect$$libinit$$00000021)
    __rt_lib_init_lc_numeric_1               0x080031af   Thumb Code     0  libinit2.o(.ARM.Collect$$libinit$$00000015)
    __rt_lib_init_lc_time_1                  0x080031af   Thumb Code     0  libinit2.o(.ARM.Collect$$libinit$$00000017)
    __rt_lib_init_return                     0x080031af   Thumb Code     0  libinit2.o(.ARM.Collect$$libinit$$00000031)
    __rt_lib_init_signal_1                   0x080031af   Thumb Code     0  libinit2.o(.ARM.Collect$$libinit$$0000001B)
    __rt_lib_init_stdio_1                    0x080031af   Thumb Code     0  libinit2.o(.ARM.Collect$$libinit$$00000023)
    __rt_lib_shutdown                        0x080031b1   Thumb Code     0  libshutdown.o(.ARM.Collect$$libshutdown$$00000000)
    __rt_lib_shutdown_fp_trap_1              0x080031b3   Thumb Code     0  libshutdown2.o(.ARM.Collect$$libshutdown$$00000006)
    __rt_lib_shutdown_heap_1                 0x080031b3   Thumb Code     0  libshutdown2.o(.ARM.Collect$$libshutdown$$0000000E)
    __rt_lib_shutdown_return                 0x080031b3   Thumb Code     0  libshutdown2.o(.ARM.Collect$$libshutdown$$0000000F)
    __rt_lib_shutdown_signal_1               0x080031b3   Thumb Code     0  libshutdown2.o(.ARM.Collect$$libshutdown$$00000009)
    __rt_lib_shutdown_stdio_1                0x080031b3   Thumb Code     0  libshutdown2.o(.ARM.Collect$$libshutdown$$00000003)
    __rt_lib_shutdown_user_alloc_1           0x080031b3   Thumb Code     0  libshutdown2.o(.ARM.Collect$$libshutdown$$0000000B)
    __rt_entry                               0x080031b5   Thumb Code     0  rtentry.o(.ARM.Collect$$rtentry$$00000000)
    __rt_entry_presh_1                       0x080031b5   Thumb Code     0  rtentry2.o(.ARM.Collect$$rtentry$$00000002)
    __rt_entry_sh                            0x080031b5   Thumb Code     0  rtentry4.o(.ARM.Collect$$rtentry$$00000004)
    __rt_entry_li                            0x080031bb   Thumb Code     0  rtentry2.o(.ARM.Collect$$rtentry$$0000000A)
    __rt_entry_postsh_1                      0x080031bb   Thumb Code     0  rtentry2.o(.ARM.Collect$$rtentry$$00000009)
    __rt_entry_main                          0x080031bf   Thumb Code     0  rtentry2.o(.ARM.Collect$$rtentry$$0000000D)
    __rt_entry_postli_1                      0x080031bf   Thumb Code     0  rtentry2.o(.ARM.Collect$$rtentry$$0000000C)
    __rt_exit                                0x080031c7   Thumb Code     0  rtexit.o(.ARM.Collect$$rtexit$$00000000)
    __rt_exit_ls                             0x080031c9   Thumb Code     0  rtexit2.o(.ARM.Collect$$rtexit$$00000003)
    __rt_exit_prels_1                        0x080031c9   Thumb Code     0  rtexit2.o(.ARM.Collect$$rtexit$$00000002)
    __rt_exit_exit                           0x080031cd   Thumb Code     0  rtexit2.o(.ARM.Collect$$rtexit$$00000004)
    WFI_SET                                  0x080031d5   Thumb Code     2  sys.o(.emb_text)
    INTX_DISABLE                             0x080031d7   Thumb Code     2  sys.o(.emb_text)
    INTX_ENABLE                              0x080031d9   Thumb Code     2  sys.o(.emb_text)
    MSR_MSP                                  0x080031db   Thumb Code     6  sys.o(.emb_text)
    Reset_Handler                            0x080031e1   Thumb Code     4  startup_stm32f10x_md.o(.text)
    NMI_Handler                              0x080031e5   Thumb Code     2  startup_stm32f10x_md.o(.text)
    HardFault_Handler                        0x080031e7   Thumb Code     2  startup_stm32f10x_md.o(.text)
    MemManage_Handler                        0x080031e9   Thumb Code     2  startup_stm32f10x_md.o(.text)
    BusFault_Handler                         0x080031eb   Thumb Code     2  startup_stm32f10x_md.o(.text)
    UsageFault_Handler                       0x080031ed   Thumb Code     2  startup_stm32f10x_md.o(.text)
    SVC_Handler                              0x080031ef   Thumb Code     2  startup_stm32f10x_md.o(.text)
    DebugMon_Handler                         0x080031f1   Thumb Code     2  startup_stm32f10x_md.o(.text)
    PendSV_Handler                           0x080031f3   Thumb Code     2  startup_stm32f10x_md.o(.text)
    SysTick_Handler                          0x080031f5   Thumb Code     2  startup_stm32f10x_md.o(.text)
    ADC1_2_IRQHandler                        0x080031f7   Thumb Code     0  startup_stm32f10x_md.o(.text)
    CAN1_RX1_IRQHandler                      0x080031f7   Thumb Code     0  startup_stm32f10x_md.o(.text)
    CAN1_SCE_IRQHandler                      0x080031f7   Thumb Code     0  startup_stm32f10x_md.o(.text)
    DMA1_Channel1_IRQHandler                 0x080031f7   Thumb Code     0  startup_stm32f10x_md.o(.text)
    DMA1_Channel2_IRQHandler                 0x080031f7   Thumb Code     0  startup_stm32f10x_md.o(.text)
    DMA1_Channel3_IRQHandler                 0x080031f7   Thumb Code     0  startup_stm32f10x_md.o(.text)
    DMA1_Channel4_IRQHandler                 0x080031f7   Thumb Code     0  startup_stm32f10x_md.o(.text)
    DMA1_Channel5_IRQHandler                 0x080031f7   Thumb Code     0  startup_stm32f10x_md.o(.text)
    DMA1_Channel6_IRQHandler                 0x080031f7   Thumb Code     0  startup_stm32f10x_md.o(.text)
    DMA1_Channel7_IRQHandler                 0x080031f7   Thumb Code     0  startup_stm32f10x_md.o(.text)
    EXTI0_IRQHandler                         0x080031f7   Thumb Code     0  startup_stm32f10x_md.o(.text)
    EXTI15_10_IRQHandler                     0x080031f7   Thumb Code     0  startup_stm32f10x_md.o(.text)
    EXTI1_IRQHandler                         0x080031f7   Thumb Code     0  startup_stm32f10x_md.o(.text)
    EXTI2_IRQHandler                         0x080031f7   Thumb Code     0  startup_stm32f10x_md.o(.text)
    EXTI3_IRQHandler                         0x080031f7   Thumb Code     0  startup_stm32f10x_md.o(.text)
    EXTI4_IRQHandler                         0x080031f7   Thumb Code     0  startup_stm32f10x_md.o(.text)
    EXTI9_5_IRQHandler                       0x080031f7   Thumb Code     0  startup_stm32f10x_md.o(.text)
    FLASH_IRQHandler                         0x080031f7   Thumb Code     0  startup_stm32f10x_md.o(.text)
    I2C1_ER_IRQHandler                       0x080031f7   Thumb Code     0  startup_stm32f10x_md.o(.text)
    I2C1_EV_IRQHandler                       0x080031f7   Thumb Code     0  startup_stm32f10x_md.o(.text)
    I2C2_ER_IRQHandler                       0x080031f7   Thumb Code     0  startup_stm32f10x_md.o(.text)
    I2C2_EV_IRQHandler                       0x080031f7   Thumb Code     0  startup_stm32f10x_md.o(.text)
    PVD_IRQHandler                           0x080031f7   Thumb Code     0  startup_stm32f10x_md.o(.text)
    RCC_IRQHandler                           0x080031f7   Thumb Code     0  startup_stm32f10x_md.o(.text)
    RTCAlarm_IRQHandler                      0x080031f7   Thumb Code     0  startup_stm32f10x_md.o(.text)
    RTC_IRQHandler                           0x080031f7   Thumb Code     0  startup_stm32f10x_md.o(.text)
    SPI1_IRQHandler                          0x080031f7   Thumb Code     0  startup_stm32f10x_md.o(.text)
    SPI2_IRQHandler                          0x080031f7   Thumb Code     0  startup_stm32f10x_md.o(.text)
    TAMPER_IRQHandler                        0x080031f7   Thumb Code     0  startup_stm32f10x_md.o(.text)
    TIM1_BRK_IRQHandler                      0x080031f7   Thumb Code     0  startup_stm32f10x_md.o(.text)
    TIM1_CC_IRQHandler                       0x080031f7   Thumb Code     0  startup_stm32f10x_md.o(.text)
    TIM1_TRG_COM_IRQHandler                  0x080031f7   Thumb Code     0  startup_stm32f10x_md.o(.text)
    TIM2_IRQHandler                          0x080031f7   Thumb Code     0  startup_stm32f10x_md.o(.text)
    TIM3_IRQHandler                          0x080031f7   Thumb Code     0  startup_stm32f10x_md.o(.text)
    TIM4_IRQHandler                          0x080031f7   Thumb Code     0  startup_stm32f10x_md.o(.text)
    USART3_IRQHandler                        0x080031f7   Thumb Code     0  startup_stm32f10x_md.o(.text)
    USBWakeUp_IRQHandler                     0x080031f7   Thumb Code     0  startup_stm32f10x_md.o(.text)
    USB_HP_CAN1_TX_IRQHandler                0x080031f7   Thumb Code     0  startup_stm32f10x_md.o(.text)
    USB_LP_CAN1_RX0_IRQHandler               0x080031f7   Thumb Code     0  startup_stm32f10x_md.o(.text)
    WWDG_IRQHandler                          0x080031f7   Thumb Code     0  startup_stm32f10x_md.o(.text)
    __user_initial_stackheap                 0x080031f9   Thumb Code     0  startup_stm32f10x_md.o(.text)
    main                                     0x08003219   Thumb Code    94  minibalance.o(.text)
    delay_init                               0x0800327d   Thumb Code    56  delay.o(.text)
    delay_us                                 0x080032b5   Thumb Code    54  delay.o(.text)
    delay_ms                                 0x080032eb   Thumb Code    54  delay.o(.text)
    MY_NVIC_SetVectorTable                   0x08003329   Thumb Code    12  sys.o(.text)
    MY_NVIC_PriorityGroupConfig              0x08003335   Thumb Code    36  sys.o(.text)
    MY_NVIC_Init                             0x08003359   Thumb Code   120  sys.o(.text)
    Ex_NVIC_Config                           0x080033d1   Thumb Code   146  sys.o(.text)
    MYRCC_DeInit                             0x08003463   Thumb Code    92  sys.o(.text)
    Sys_Standby                              0x080034bf   Thumb Code    68  sys.o(.text)
    Sys_Soft_Reset                           0x08003503   Thumb Code    12  sys.o(.text)
    JTAG_Set                                 0x0800350f   Thumb Code    42  sys.o(.text)
    Stm32_Clock_Init                         0x08003539   Thumb Code   130  sys.o(.text)
    _sys_exit                                0x080035e9   Thumb Code     6  usart.o(.text)
    fputc                                    0x080035ef   Thumb Code    22  usart.o(.text)
    usart1_send                              0x08003605   Thumb Code    20  usart.o(.text)
    uart_init                                0x08003619   Thumb Code   230  usart.o(.text)
    insertDataPacket                         0x080036ff   Thumb Code    32  usart.o(.text)
    openPacket                               0x0800371f   Thumb Code  3316  usart.o(.text)
    USART1_IRQHandler                        0x08004413   Thumb Code    74  usart.o(.text)
    LED_Init                                 0x080045e1   Thumb Code    46  led.o(.text)
    Led_Flash                                0x0800460f   Thumb Code    38  led.o(.text)
    KEY_Init                                 0x08004649   Thumb Code    52  key.o(.text)
    click_N_Double                           0x0800467d   Thumb Code   132  key.o(.text)
    click                                    0x08004701   Thumb Code    38  key.o(.text)
    Timer1_Init                              0x08004749   Thumb Code    82  timer.o(.text)
    TIM2_Cap_Init                            0x0800479b   Thumb Code   138  timer.o(.text)
    MiniBalance_Motor_Init                   0x08004831   Thumb Code    36  motor.o(.text)
    MiniBalance_PWM_Init                     0x08004855   Thumb Code   154  motor.o(.text)
    MiniBalance_PWM_InitV2                   0x080048ef   Thumb Code   238  motor.o(.text)
    IIC_Init                                 0x080049ed   Thumb Code    36  ioi2c.o(.text)
    IIC_Start                                0x08004a11   Thumb Code    88  ioi2c.o(.text)
    IIC_Stop                                 0x08004a69   Thumb Code    62  ioi2c.o(.text)
    IIC_Wait_Ack                             0x08004aa7   Thumb Code    90  ioi2c.o(.text)
    IIC_Ack                                  0x08004b01   Thumb Code    68  ioi2c.o(.text)
    IIC_NAck                                 0x08004b45   Thumb Code    64  ioi2c.o(.text)
    IIC_Send_Byte                            0x08004b85   Thumb Code    94  ioi2c.o(.text)
    i2cWrite                                 0x08004be3   Thumb Code    96  ioi2c.o(.text)
    IIC_Read_Byte                            0x08004c43   Thumb Code    98  ioi2c.o(.text)
    i2cRead                                  0x08004ca5   Thumb Code   118  ioi2c.o(.text)
    I2C_ReadOneByte                          0x08004d1b   Thumb Code    70  ioi2c.o(.text)
    IICreadBytes                             0x08004d61   Thumb Code   100  ioi2c.o(.text)
    IICwriteBytes                            0x08004dc5   Thumb Code    96  ioi2c.o(.text)
    IICreadByte                              0x08004e25   Thumb Code    22  ioi2c.o(.text)
    IICwriteByte                             0x08004e3b   Thumb Code    20  ioi2c.o(.text)
    IICwriteBits                             0x08004e4f   Thumb Code   106  ioi2c.o(.text)
    IICwriteBit                              0x08004eb9   Thumb Code    64  ioi2c.o(.text)
    uart2_init                               0x08004ef9   Thumb Code   228  usart2.o(.text)
    USART2_IRQHandler                        0x08004fdd   Thumb Code   594  usart2.o(.text)
    myabs                                    0x08005269   Thumb Code    14  control.o(.text)
    Set_Pwm                                  0x08005277   Thumb Code   356  control.o(.text)
    waveOut                                  0x080053db   Thumb Code   154  control.o(.text)
    PWMOut                                   0x08005475   Thumb Code   204  control.o(.text)
    Key                                      0x08005541   Thumb Code    40  control.o(.text)
    Get_Angle                                0x08005569   Thumb Code   470  control.o(.text)
    TIM1_UP_IRQHandler                       0x0800573f   Thumb Code   174  control.o(.text)
    ConfigMotorCMD                           0x080057ed   Thumb Code   216  control.o(.text)
    MyMotorInt                               0x080058c5   Thumb Code   142  control.o(.text)
    balance                                  0x08005953   Thumb Code    64  control.o(.text)
    Turn_Off                                 0x08005993   Thumb Code    44  control.o(.text)
    velocity                                 0x080059bf   Thumb Code   570  control.o(.text)
    turn                                     0x08005bf9   Thumb Code   348  control.o(.text)
    Xianfu_Pwm                               0x08005d55   Thumb Code    62  control.o(.text)
    mpu_reg_dump                             0x08005e6f   Thumb Code    72  inv_mpu.o(.text)
    mpu_read_reg                             0x08005eb7   Thumb Code    66  inv_mpu.o(.text)
    mpu_set_int_latched                      0x08005ef9   Thumb Code   102  inv_mpu.o(.text)
    mpu_set_sensors                          0x08005f5f   Thumb Code   202  inv_mpu.o(.text)
    mpu_set_bypass                           0x08006029   Thumb Code   328  inv_mpu.o(.text)
    mpu_reset_fifo                           0x08006171   Thumb Code   444  inv_mpu.o(.text)
    mpu_configure_fifo                       0x0800632d   Thumb Code   106  inv_mpu.o(.text)
    mpu_set_lpf                              0x08006397   Thumb Code   126  inv_mpu.o(.text)
    mpu_lp_accel_mode                        0x08006415   Thumb Code   218  inv_mpu.o(.text)
    mpu_set_sample_rate                      0x080064ef   Thumb Code   152  inv_mpu.o(.text)
    mpu_set_accel_fsr                        0x08006587   Thumb Code   132  inv_mpu.o(.text)
    mpu_set_gyro_fsr                         0x0800660b   Thumb Code   132  inv_mpu.o(.text)
    mpu_init                                 0x0800668f   Thumb Code   416  inv_mpu.o(.text)
    myget_ms                                 0x0800682f   Thumb Code     2  inv_mpu.o(.text)
    mpu_get_gyro_reg                         0x08006831   Thumb Code   110  inv_mpu.o(.text)
    mpu_get_accel_reg                        0x0800689f   Thumb Code   110  inv_mpu.o(.text)
    mpu_get_temperature                      0x0800690d   Thumb Code   150  inv_mpu.o(.text)
    mpu_set_accel_bias                       0x080069a3   Thumb Code   468  inv_mpu.o(.text)
    mpu_get_gyro_fsr                         0x08006b77   Thumb Code    64  inv_mpu.o(.text)
    mpu_get_accel_fsr                        0x08006bb7   Thumb Code    72  inv_mpu.o(.text)
    mpu_get_lpf                              0x08006bff   Thumb Code    74  inv_mpu.o(.text)
    mpu_get_sample_rate                      0x08006c49   Thumb Code    26  inv_mpu.o(.text)
    mpu_get_compass_sample_rate              0x08006c63   Thumb Code    10  inv_mpu.o(.text)
    mpu_set_compass_sample_rate              0x08006c6d   Thumb Code     8  inv_mpu.o(.text)
    mpu_get_gyro_sens                        0x08006c75   Thumb Code    58  inv_mpu.o(.text)
    mpu_get_accel_sens                       0x08006caf   Thumb Code    78  inv_mpu.o(.text)
    mpu_get_fifo_config                      0x08006cfd   Thumb Code    12  inv_mpu.o(.text)
    mpu_get_power_state                      0x08006d09   Thumb Code    22  inv_mpu.o(.text)
    mpu_get_int_status                       0x08006d1f   Thumb Code    64  inv_mpu.o(.text)
    mpu_read_fifo                            0x08006d5f   Thumb Code   520  inv_mpu.o(.text)
    mpu_read_fifo_stream                     0x08006f67   Thumb Code   186  inv_mpu.o(.text)
    mpu_set_int_level                        0x08007021   Thumb Code    12  inv_mpu.o(.text)
    mpu_set_dmp_state                        0x080076f9   Thumb Code   138  inv_mpu.o(.text)
    mpu_run_self_test                        0x08007783   Thumb Code   278  inv_mpu.o(.text)
    mpu_write_mem                            0x08007899   Thumb Code   122  inv_mpu.o(.text)
    mpu_read_mem                             0x08007913   Thumb Code   122  inv_mpu.o(.text)
    mpu_load_firmware                        0x0800798d   Thumb Code   190  inv_mpu.o(.text)
    mpu_get_dmp_state                        0x08007a4b   Thumb Code    14  inv_mpu.o(.text)
    mpu_get_compass_reg                      0x08007a59   Thumb Code     8  inv_mpu.o(.text)
    mpu_get_compass_fsr                      0x08007a61   Thumb Code     8  inv_mpu.o(.text)
    mpu_lp_motion_interrupt                  0x08007a69   Thumb Code   512  inv_mpu.o(.text)
    dmp_load_motion_driver_firmware          0x08007c6d   Thumb Code    20  inv_mpu_dmp_motion_driver.o(.text)
    dmp_set_orientation                      0x08007c81   Thumb Code   290  inv_mpu_dmp_motion_driver.o(.text)
    dmp_set_gyro_bias                        0x08007da3   Thumb Code   294  inv_mpu_dmp_motion_driver.o(.text)
    dmp_set_accel_bias                       0x08007ec9   Thumb Code   300  inv_mpu_dmp_motion_driver.o(.text)
    dmp_set_fifo_rate                        0x08007ff5   Thumb Code   136  inv_mpu_dmp_motion_driver.o(.text)
    dmp_get_fifo_rate                        0x0800807d   Thumb Code    12  inv_mpu_dmp_motion_driver.o(.text)
    dmp_set_tap_thresh                       0x08008089   Thumb Code   396  inv_mpu_dmp_motion_driver.o(.text)
    dmp_set_tap_axes                         0x08008215   Thumb Code    70  inv_mpu_dmp_motion_driver.o(.text)
    dmp_set_tap_count                        0x0800825b   Thumb Code    38  inv_mpu_dmp_motion_driver.o(.text)
    dmp_set_tap_time                         0x08008281   Thumb Code    38  inv_mpu_dmp_motion_driver.o(.text)
    dmp_set_tap_time_multi                   0x080082a7   Thumb Code    38  inv_mpu_dmp_motion_driver.o(.text)
    dmp_set_shake_reject_thresh              0x080082cd   Thumb Code    56  inv_mpu_dmp_motion_driver.o(.text)
    dmp_set_shake_reject_time                0x08008305   Thumb Code    38  inv_mpu_dmp_motion_driver.o(.text)
    dmp_set_shake_reject_timeout             0x0800832b   Thumb Code    38  inv_mpu_dmp_motion_driver.o(.text)
    dmp_get_pedometer_step_count             0x08008351   Thumb Code    66  inv_mpu_dmp_motion_driver.o(.text)
    dmp_set_pedometer_step_count             0x08008393   Thumb Code    42  inv_mpu_dmp_motion_driver.o(.text)
    dmp_get_pedometer_walk_time              0x080083bd   Thumb Code    72  inv_mpu_dmp_motion_driver.o(.text)
    dmp_set_pedometer_walk_time              0x08008405   Thumb Code    48  inv_mpu_dmp_motion_driver.o(.text)
    dmp_enable_6x_lp_quat                    0x08008435   Thumb Code    84  inv_mpu_dmp_motion_driver.o(.text)
    dmp_enable_lp_quat                       0x08008489   Thumb Code    60  inv_mpu_dmp_motion_driver.o(.text)
    dmp_enable_gyro_cal                      0x080084c5   Thumb Code    62  inv_mpu_dmp_motion_driver.o(.text)
    dmp_enable_feature                       0x08008503   Thumb Code   530  inv_mpu_dmp_motion_driver.o(.text)
    dmp_get_enabled_features                 0x08008715   Thumb Code    12  inv_mpu_dmp_motion_driver.o(.text)
    dmp_set_interrupt_mode                   0x0800877f   Thumb Code    66  inv_mpu_dmp_motion_driver.o(.text)
    dmp_read_fifo                            0x080087c1   Thumb Code   512  inv_mpu_dmp_motion_driver.o(.text)
    dmp_register_tap_cb                      0x080089c1   Thumb Code    10  inv_mpu_dmp_motion_driver.o(.text)
    dmp_register_android_orient_cb           0x080089cb   Thumb Code    10  inv_mpu_dmp_motion_driver.o(.text)
    Kalman_Filter                            0x080089d9   Thumb Code   558  filter.o(.text)
    Yijielvbo                                0x08008c07   Thumb Code   132  filter.o(.text)
    kalman_filter                            0x08008c8b   Thumb Code    96  filter.o(.text)
    MPU6050_newValues                        0x08008e4d   Thumb Code   494  mpu6050.o(.text)
    MPU6050_setClockSource                   0x0800903b   Thumb Code    20  mpu6050.o(.text)
    MPU6050_setFullScaleGyroRange            0x0800904f   Thumb Code    20  mpu6050.o(.text)
    MPU6050_setFullScaleAccelRange           0x08009063   Thumb Code    20  mpu6050.o(.text)
    MPU6050_setSleepEnabled                  0x08009077   Thumb Code    18  mpu6050.o(.text)
    MPU6050_getDeviceID                      0x08009089   Thumb Code    20  mpu6050.o(.text)
    MPU6050_testConnection                   0x0800909d   Thumb Code    18  mpu6050.o(.text)
    MPU6050_setI2CMasterModeEnabled          0x080090af   Thumb Code    18  mpu6050.o(.text)
    MPU6050_setI2CBypassEnabled              0x080090c1   Thumb Code    18  mpu6050.o(.text)
    MPU6050_initialize                       0x080090d3   Thumb Code    40  mpu6050.o(.text)
    DMP_Init                                 0x080090fb   Thumb Code   198  mpu6050.o(.text)
    Read_DMP                                 0x080091c1   Thumb Code   800  mpu6050.o(.text)
    Read_Temperature                         0x080094e1   Thumb Code   110  mpu6050.o(.text)
    __use_no_semihosting                     0x0800957d   Thumb Code     2  use_no_semi_2.o(.text)
    __aeabi_ldivmod                          0x0800957f   Thumb Code     0  llsdiv.o(.text)
    _ll_sdiv                                 0x0800957f   Thumb Code    72  llsdiv.o(.text)
    __2printf                                0x080095c9   Thumb Code    20  noretval__2printf.o(.text)
    _printf_pre_padding                      0x080095e1   Thumb Code    46  _printf_pad.o(.text)
    _printf_post_padding                     0x0800960f   Thumb Code    36  _printf_pad.o(.text)
    _printf_int_dec                          0x08009635   Thumb Code   102  _printf_dec.o(.text)
    __printf                                 0x080096ad   Thumb Code   270  __printf_wp.o(.text)
    __0sscanf                                0x080097bd   Thumb Code    52  __0sscanf.o(.text)
    _scanf_int                               0x080097f9   Thumb Code   336  _scanf_int.o(.text)
    _scanf_string                            0x08009949   Thumb Code   218  _scanf_str.o(.text)
    memcmp                                   0x08009a23   Thumb Code    88  memcmp.o(.text)
    __aeabi_memset                           0x08009a7b   Thumb Code    16  aeabi_memset.o(.text)
    strcmp                                   0x08009a8d   Thumb Code   128  strcmpv7m.o(.text)
    __use_two_region_memory                  0x08009b0d   Thumb Code     2  heapauxi.o(.text)
    __rt_heap_escrow$2region                 0x08009b0f   Thumb Code     2  heapauxi.o(.text)
    __rt_heap_expand$2region                 0x08009b11   Thumb Code     2  heapauxi.o(.text)
    __I$use$semihosting                      0x08009b13   Thumb Code     0  use_no_semi.o(.text)
    __use_no_semihosting_swi                 0x08009b13   Thumb Code     2  use_no_semi.o(.text)
    __aeabi_uldivmod                         0x08009b15   Thumb Code     0  lludivv7m.o(.text)
    _ll_udiv                                 0x08009b15   Thumb Code   238  lludivv7m.o(.text)
    __read_errno                             0x08009c03   Thumb Code    10  _rserrno.o(.text)
    __set_errno                              0x08009c0d   Thumb Code    12  _rserrno.o(.text)
    _printf_int_common                       0x08009c19   Thumb Code   184  _printf_intcommon.o(.text)
    __lib_sel_fp_printf                      0x08009cd1   Thumb Code     2  _printf_fp_dec.o(.text)
    _printf_fp_dec_real                      0x08009e7d   Thumb Code   628  _printf_fp_dec.o(.text)
    _printf_char_file                        0x0800a0f1   Thumb Code    32  _printf_char_file.o(.text)
    _chval                                   0x0800a115   Thumb Code    28  _chval.o(.text)
    _scanf_really_real                       0x0800a329   Thumb Code   672  scanf_fp.o(.text)
    __vfscanf_char                           0x0800a5e1   Thumb Code    24  scanf_char.o(.text)
    _sgetc                                   0x0800a601   Thumb Code    30  _sgetc.o(.text)
    _sbackspace                              0x0800a61f   Thumb Code    34  _sgetc.o(.text)
    __aeabi_memclr                           0x0800a641   Thumb Code     0  rt_memclr.o(.text)
    __rt_memclr                              0x0800a641   Thumb Code    68  rt_memclr.o(.text)
    _memset                                  0x0800a645   Thumb Code     0  rt_memclr.o(.text)
    __rt_locale                              0x0800a685   Thumb Code     8  rt_locale_intlibspace.o(.text)
    __aeabi_errno_addr                       0x0800a68d   Thumb Code     8  rt_errno_addr_intlibspace.o(.text)
    __errno$intlibspace                      0x0800a68d   Thumb Code     0  rt_errno_addr_intlibspace.o(.text)
    __rt_errno_addr$intlibspace              0x0800a68d   Thumb Code     0  rt_errno_addr_intlibspace.o(.text)
    _ll_udiv10                               0x0800a695   Thumb Code   138  lludiv10.o(.text)
    isspace                                  0x0800a71f   Thumb Code    18  isspace.o(.text)
    _printf_char_common                      0x0800a73b   Thumb Code    32  _printf_char_common.o(.text)
    _printf_fp_infnan                        0x0800a761   Thumb Code   112  _printf_fp_infnan.o(.text)
    __vfscanf                                0x0800a7e1   Thumb Code   876  _scanf.o(.text)
    _btod_etento                             0x0800ab51   Thumb Code   222  bigflt0.o(.text)
    ferror                                   0x0800ac35   Thumb Code     8  ferror.o(.text)
    __aeabi_memclr4                          0x0800ac3d   Thumb Code     0  rt_memclr_w.o(.text)
    __aeabi_memclr8                          0x0800ac3d   Thumb Code     0  rt_memclr_w.o(.text)
    __rt_memclr_w                            0x0800ac3d   Thumb Code    78  rt_memclr_w.o(.text)
    _memset_w                                0x0800ac41   Thumb Code     0  rt_memclr_w.o(.text)
    __user_libspace                          0x0800ac8d   Thumb Code     8  libspace.o(.text)
    __user_perproc_libspace                  0x0800ac8d   Thumb Code     0  libspace.o(.text)
    __user_perthread_libspace                0x0800ac8d   Thumb Code     0  libspace.o(.text)
    __user_setup_stackheap                   0x0800ac95   Thumb Code    74  sys_stackheap_outer.o(.text)
    __rt_ctype_table                         0x0800ace1   Thumb Code    16  rt_ctype_table.o(.text)
    _scanf_really_hex_real                   0x0800acf1   Thumb Code   776  scanf_hexfp.o(.text)
    _scanf_really_infnan                     0x0800b005   Thumb Code   298  scanf_infnan.o(.text)
    exit                                     0x0800b141   Thumb Code    12  exit.o(.text)
    __aeabi_llsl                             0x0800b14d   Thumb Code     0  llshl.o(.text)
    _ll_shift_l                              0x0800b14d   Thumb Code    38  llshl.o(.text)
    _btod_d2e                                0x0800b173   Thumb Code    62  btod.o(CL$$btod_d2e)
    _d2e_denorm_low                          0x0800b1b1   Thumb Code    70  btod.o(CL$$btod_d2e_denorm_low)
    _d2e_norm_op1                            0x0800b1f7   Thumb Code    96  btod.o(CL$$btod_d2e_norm_op1)
    __btod_div_common                        0x0800b257   Thumb Code   696  btod.o(CL$$btod_div_common)
    _e2d                                     0x0800b591   Thumb Code    80  btod.o(CL$$btod_e2d)
    _e2e                                     0x0800b5e5   Thumb Code   198  btod.o(CL$$btod_e2e)
    _btod_ediv                               0x0800b6ab   Thumb Code    40  btod.o(CL$$btod_ediv)
    _btod_edivd                              0x0800b6d3   Thumb Code    40  btod.o(CL$$btod_edivd)
    _btod_emul                               0x0800b6fb   Thumb Code    40  btod.o(CL$$btod_emul)
    _btod_emuld                              0x0800b723   Thumb Code    40  btod.o(CL$$btod_emuld)
    __btod_mult_common                       0x0800b74b   Thumb Code   580  btod.o(CL$$btod_mult_common)
    __ARM_fpclassify                         0x0800b98f   Thumb Code    40  fpclassify.o(i.__ARM_fpclassify)
    __ieee754_rem_pio2                       0x0800b9b9   Thumb Code   832  rred.o(i.__ieee754_rem_pio2)
    __kernel_cos                             0x0800bd41   Thumb Code   230  cos_i.o(i.__kernel_cos)
    __kernel_poly                            0x0800be3d   Thumb Code   170  poly.o(i.__kernel_poly)
    __kernel_sin                             0x0800bee9   Thumb Code   224  sin_i.o(i.__kernel_sin)
    __mathlib_dbl_underflow                  0x0800bfd5   Thumb Code    10  dunder.o(i.__mathlib_dbl_underflow)
    __mathlib_narrow                         0x0800bfe5   Thumb Code    16  narrow.o(i.__mathlib_narrow)
    __mathlib_tofloat                        0x0800bff5   Thumb Code   132  narrow.o(i.__mathlib_tofloat)
    __support_ldexp                          0x0800c07d   Thumb Code    22  ldexp.o(i.__support_ldexp)
    _is_digit                                0x0800c093   Thumb Code    14  __printf_wp.o(i._is_digit)
    asin                                     0x0800c0a1   Thumb Code   584  asin.o(i.asin)
    atan                                     0x0800c31d   Thumb Code   478  atan.o(i.atan)
    atan2                                    0x0800c541   Thumb Code   346  atan2.o(i.atan2)
    frexp                                    0x0800c6c1   Thumb Code    80  frexp.o(i.frexp)
    ldexp                                    0x0800c719   Thumb Code   126  ldexp.o(i.ldexp)
    sin                                      0x0800c799   Thumb Code   166  sin.o(i.sin)
    sqrt                                     0x0800c849   Thumb Code    76  sqrt.o(i.sqrt)
    _get_lc_numeric                          0x0800c895   Thumb Code    44  lc_numeric_c.o(locale$$code)
    _get_lc_ctype                            0x0800c8c1   Thumb Code    44  lc_ctype_c.o(locale$$code)
    __aeabi_d2f                              0x0800c8ed   Thumb Code     0  d2f.o(x$fpl$d2f)
    _d2f                                     0x0800c8ed   Thumb Code    98  d2f.o(x$fpl$d2f)
    __aeabi_dadd                             0x0800c951   Thumb Code     0  daddsub_clz.o(x$fpl$dadd)
    _dadd                                    0x0800c951   Thumb Code   332  daddsub_clz.o(x$fpl$dadd)
    __fpl_dcheck_NaN1                        0x0800caa1   Thumb Code    10  dcheck1.o(x$fpl$dcheck1)
    __fpl_dcmp_Inf                           0x0800cab1   Thumb Code    24  dcmpi.o(x$fpl$dcmpinf)
    __aeabi_ddiv                             0x0800cac9   Thumb Code     0  ddiv.o(x$fpl$ddiv)
    _ddiv                                    0x0800cac9   Thumb Code   552  ddiv.o(x$fpl$ddiv)
    __aeabi_cdcmpeq                          0x0800cd79   Thumb Code     0  deqf.o(x$fpl$deqf)
    _dcmpeq                                  0x0800cd79   Thumb Code   120  deqf.o(x$fpl$deqf)
    __aeabi_d2iz                             0x0800cdf1   Thumb Code     0  dfix.o(x$fpl$dfix)
    _dfix                                    0x0800cdf1   Thumb Code    94  dfix.o(x$fpl$dfix)
    __aeabi_i2d                              0x0800ce4f   Thumb Code     0  dflt_clz.o(x$fpl$dflt)
    _dflt                                    0x0800ce4f   Thumb Code    46  dflt_clz.o(x$fpl$dflt)
    __aeabi_ui2d                             0x0800ce7d   Thumb Code     0  dflt_clz.o(x$fpl$dfltu)
    _dfltu                                   0x0800ce7d   Thumb Code    38  dflt_clz.o(x$fpl$dfltu)
    __aeabi_cdcmple                          0x0800cea5   Thumb Code     0  dleqf.o(x$fpl$dleqf)
    _dcmple                                  0x0800cea5   Thumb Code   120  dleqf.o(x$fpl$dleqf)
    __fpl_dcmple_InfNaN                      0x0800cf07   Thumb Code     0  dleqf.o(x$fpl$dleqf)
    __aeabi_dmul                             0x0800cf1d   Thumb Code     0  dmul.o(x$fpl$dmul)
    _dmul                                    0x0800cf1d   Thumb Code   332  dmul.o(x$fpl$dmul)
    __fpl_dnaninf                            0x0800d071   Thumb Code   156  dnaninf.o(x$fpl$dnaninf)
    __fpl_dretinf                            0x0800d10d   Thumb Code    12  dretinf.o(x$fpl$dretinf)
    __aeabi_cdrcmple                         0x0800d119   Thumb Code     0  drleqf.o(x$fpl$drleqf)
    _drcmple                                 0x0800d119   Thumb Code   108  drleqf.o(x$fpl$drleqf)
    __aeabi_drsub                            0x0800d185   Thumb Code     0  daddsub_clz.o(x$fpl$drsb)
    _drsb                                    0x0800d185   Thumb Code    22  daddsub_clz.o(x$fpl$drsb)
    _dsqrt                                   0x0800d19d   Thumb Code   456  dsqrt_noumaal.o(x$fpl$dsqrt)
    __aeabi_dsub                             0x0800d369   Thumb Code     0  daddsub_clz.o(x$fpl$dsub)
    _dsub                                    0x0800d369   Thumb Code   464  daddsub_clz.o(x$fpl$dsub)
    __aeabi_f2d                              0x0800d53d   Thumb Code     0  f2d.o(x$fpl$f2d)
    _f2d                                     0x0800d53d   Thumb Code    86  f2d.o(x$fpl$f2d)
    __aeabi_fadd                             0x0800d595   Thumb Code     0  faddsub_clz.o(x$fpl$fadd)
    _fadd                                    0x0800d595   Thumb Code   196  faddsub_clz.o(x$fpl$fadd)
    __fpl_fcmp_Inf                           0x0800d659   Thumb Code    24  fcmpi.o(x$fpl$fcmpinf)
    __aeabi_fdiv                             0x0800d671   Thumb Code     0  fdiv.o(x$fpl$fdiv)
    _fdiv                                    0x0800d671   Thumb Code   384  fdiv.o(x$fpl$fdiv)
    __aeabi_cfcmpeq                          0x0800d7f5   Thumb Code     0  feqf.o(x$fpl$feqf)
    _fcmpeq                                  0x0800d7f5   Thumb Code   104  feqf.o(x$fpl$feqf)
    __aeabi_f2iz                             0x0800d85d   Thumb Code     0  ffix.o(x$fpl$ffix)
    _ffix                                    0x0800d85d   Thumb Code    54  ffix.o(x$fpl$ffix)
    __aeabi_f2uiz                            0x0800d895   Thumb Code     0  ffixu.o(x$fpl$ffixu)
    _ffixu                                   0x0800d895   Thumb Code    62  ffixu.o(x$fpl$ffixu)
    __aeabi_i2f                              0x0800d8d5   Thumb Code     0  fflt_clz.o(x$fpl$fflt)
    _fflt                                    0x0800d8d5   Thumb Code    48  fflt_clz.o(x$fpl$fflt)
    __aeabi_ui2f                             0x0800d905   Thumb Code     0  fflt_clz.o(x$fpl$ffltu)
    _ffltu                                   0x0800d905   Thumb Code    38  fflt_clz.o(x$fpl$ffltu)
    __aeabi_cfcmple                          0x0800d92d   Thumb Code     0  fleqf.o(x$fpl$fleqf)
    _fcmple                                  0x0800d92d   Thumb Code   104  fleqf.o(x$fpl$fleqf)
    __fpl_fcmple_InfNaN                      0x0800d97f   Thumb Code     0  fleqf.o(x$fpl$fleqf)
    __aeabi_fmul                             0x0800d995   Thumb Code     0  fmul.o(x$fpl$fmul)
    _fmul                                    0x0800d995   Thumb Code   258  fmul.o(x$fpl$fmul)
    __fpl_fnaninf                            0x0800da97   Thumb Code   140  fnaninf.o(x$fpl$fnaninf)
    __fpl_fretinf                            0x0800db23   Thumb Code    10  fretinf.o(x$fpl$fretinf)
    __aeabi_cfrcmple                         0x0800db2d   Thumb Code     0  frleqf.o(x$fpl$frleqf)
    _frcmple                                 0x0800db2d   Thumb Code    98  frleqf.o(x$fpl$frleqf)
    __aeabi_frsub                            0x0800db8f   Thumb Code     0  faddsub_clz.o(x$fpl$frsb)
    _frsb                                    0x0800db8f   Thumb Code    20  faddsub_clz.o(x$fpl$frsb)
    __aeabi_fsub                             0x0800dba5   Thumb Code     0  faddsub_clz.o(x$fpl$fsub)
    _fsub                                    0x0800dba5   Thumb Code   234  faddsub_clz.o(x$fpl$fsub)
    _printf_fp_dec                           0x0800dc8f   Thumb Code     4  printf1.o(x$fpl$printf1)
    __fpl_return_NaN                         0x0800dc93   Thumb Code   100  retnan.o(x$fpl$retnan)
    __ARM_scalbn                             0x0800dcf7   Thumb Code    92  scalbn.o(x$fpl$scalbn)
    _scanf_real                              0x0800dd53   Thumb Code     4  scanf1.o(x$fpl$scanf1)
    _scanf_hex_real                          0x0800dd57   Thumb Code     4  scanf2.o(x$fpl$scanf2)
    _scanf_infnan                            0x0800dd5b   Thumb Code     4  scanf2.o(x$fpl$scanf2)
    __fpl_cmpreturn                          0x0800dd5f   Thumb Code    48  trapv.o(x$fpl$trapveneer)
    __I$use$fp                               0x0800dd8e   Number         0  usenofp.o(x$fpl$usenofp)
    PWM_AMP                                  0x0800dd90   Data           4  minibalance.o(.constdata)
    hw                                       0x0800e054   Data          12  inv_mpu.o(.constdata)
    reg                                      0x0800e060   Data          27  inv_mpu.o(.constdata)
    test                                     0x0800e07c   Data          40  inv_mpu.o(.constdata)
    __mathlib_zero                           0x0800ee00   Data           8  qnan.o(.constdata)
    Region$$Table$$Base                      0x0800ef8c   Number         0  anon$$obj.o(Region$$Table)
    Region$$Table$$Limit                     0x0800efac   Number         0  anon$$obj.o(Region$$Table)
    __aeabi_HUGE_VAL                         0x0800efac   Data           0  fpconst.o(c$$dinf)
    __aeabi_HUGE_VALL                        0x0800efac   Data           0  fpconst.o(c$$dinf)
    __aeabi_INFINITY                         0x0800efac   Data           0  fpconst.o(c$$dinf)
    __dInf                                   0x0800efac   Data           0  fpconst.o(c$$dinf)
    __huge_val                               0x0800efac   Data           0  fpconst.o(c$$dinf)
    __ctype                                  0x0800efdd   Data           0  lc_ctype_c.o(locale$$data)
    Way_Angle                                0x20000000   Data           1  minibalance.o(.data)
    Flag_sudu                                0x20000001   Data           1  minibalance.o(.data)
    Flag_Stop                                0x20000002   Data           1  minibalance.o(.data)
    Flag_Show                                0x20000003   Data           1  minibalance.o(.data)
    Flag_Qian                                0x20000004   Data           1  minibalance.o(.data)
    Flag_Hou                                 0x20000005   Data           1  minibalance.o(.data)
    Flag_Left                                0x20000006   Data           1  minibalance.o(.data)
    Flag_Right                               0x20000007   Data           1  minibalance.o(.data)
    Encoder_Left                             0x20000008   Data           4  minibalance.o(.data)
    Encoder_Right                            0x2000000c   Data           4  minibalance.o(.data)
    Temperature                              0x20000010   Data           4  minibalance.o(.data)
    Voltage                                  0x20000014   Data           4  minibalance.o(.data)
    Angle_Balance                            0x20000018   Data           4  minibalance.o(.data)
    Gyro_Balance                             0x2000001c   Data           4  minibalance.o(.data)
    Gyro_Turn                                0x20000020   Data           4  minibalance.o(.data)
    Show_Data_Mb                             0x20000024   Data           4  minibalance.o(.data)
    __stdout                                 0x20000034   Data           4  usart.o(.data)
    six_data_stop                            0x20000044   Data           3  usart2.o(.data)
    six_data_start                           0x20000047   Data           3  usart2.o(.data)
    mode_data                                0x20000050   Data           8  usart2.o(.data)
    flterLambda                              0x20000058   Data           4  control.o(.data)
    Moto1                                    0x20000098   Data           4  control.o(.data)
    Moto2                                    0x2000009c   Data           4  control.o(.data)
    Moto3                                    0x200000a0   Data           4  control.o(.data)
    Moto4                                    0x200000a4   Data           4  control.o(.data)
    Balance_Pwm                              0x200000a8   Data           4  control.o(.data)
    Velocity_Pwm                             0x200000ac   Data           4  control.o(.data)
    Turn_Pwm                                 0x200000b0   Data           4  control.o(.data)
    Flag_Target                              0x200000b4   Data           1  control.o(.data)
    K1                                       0x200000e4   Data           4  filter.o(.data)
    Q_angle                                  0x200000e8   Data           4  filter.o(.data)
    Q_gyro                                   0x200000ec   Data           4  filter.o(.data)
    R_angle                                  0x200000f0   Data           4  filter.o(.data)
    dt                                       0x200000f4   Data           4  filter.o(.data)
    C_0                                      0x200000f8   Data           1  filter.o(.data)
    PP                                       0x200000fc   Data          16  filter.o(.data)
    angle                                    0x2000010c   Data           4  filter.o(.data)
    angle_dot                                0x20000110   Data           4  filter.o(.data)
    Q_bias                                   0x20000114   Data           4  filter.o(.data)
    Angle_err                                0x20000118   Data           4  filter.o(.data)
    PCt_0                                    0x2000011c   Data           4  filter.o(.data)
    PCt_1                                    0x20000120   Data           4  filter.o(.data)
    E                                        0x20000124   Data           4  filter.o(.data)
    K_0                                      0x20000128   Data           4  filter.o(.data)
    K_1                                      0x2000012c   Data           4  filter.o(.data)
    t_0                                      0x20000130   Data           4  filter.o(.data)
    t_1                                      0x20000134   Data           4  filter.o(.data)
    q0                                       0x20000138   Data           4  mpu6050.o(.data)
    q1                                       0x2000013c   Data           4  mpu6050.o(.data)
    q2                                       0x20000140   Data           4  mpu6050.o(.data)
    q3                                       0x20000144   Data           4  mpu6050.o(.data)
    Gx_offset                                0x20000152   Data           2  mpu6050.o(.data)
    Gy_offset                                0x20000154   Data           2  mpu6050.o(.data)
    Gz_offset                                0x20000156   Data           2  mpu6050.o(.data)
    gyro                                     0x20000158   Data           6  mpu6050.o(.data)
    accel                                    0x2000015e   Data           6  mpu6050.o(.data)
    sensors                                  0x20000164   Data           2  mpu6050.o(.data)
    Pitch                                    0x20000168   Data           4  mpu6050.o(.data)
    Roll                                     0x2000016c   Data           4  mpu6050.o(.data)
    motorCMD                                 0x20000238   Data         112  control.o(.bss)
    Pdot                                     0x200002b8   Data          16  filter.o(.bss)
    buffer                                   0x200002c8   Data          14  mpu6050.o(.bss)
    MPU6050_FIFO                             0x200002d6   Data         132  mpu6050.o(.bss)
    __libspace_start                         0x2000035c   Data          96  libspace.o(.bss)
    __temporary_stack_top$libspace           0x200003bc   Data           0  libspace.o(.bss)



==============================================================================

Memory Map of the image

  Image Entry point : 0x080030ed

  Load Region LR_IROM1 (Base: 0x08003000, Size: 0x0000c250, Max: 0x00010000, ABSOLUTE, COMPRESSED[0x0000c12c])

    Execution Region ER_IROM1 (Base: 0x08003000, Size: 0x0000c0e0, Max: 0x00010000, ABSOLUTE)

    Base Addr    Size         Type   Attr      Idx    E Section Name        Object

    0x08003000   0x000000ec   Data   RO            3    RESET               startup_stm32f10x_md.o
    0x080030ec   0x00000008   Code   RO          699  * !!!main             c_w.l(__main.o)
    0x080030f4   0x00000034   Code   RO         1140    !!!scatter          c_w.l(__scatter.o)
    0x08003128   0x0000003a   Code   RO         1138    !!dczerorl          c_w.l(__dczerorl.o)
    0x08003162   0x00000002   PAD
    0x08003164   0x0000001c   Code   RO         1142    !!handler_zi        c_w.l(__scatter_zi.o)
    0x08003180   0x00000000   Code   RO          684    .ARM.Collect$$_printf_percent$$00000000  c_w.l(_printf_percent.o)
    0x08003180   0x00000006   Code   RO          683    .ARM.Collect$$_printf_percent$$00000003  c_w.l(_printf_f.o)
    0x08003186   0x00000006   Code   RO          682    .ARM.Collect$$_printf_percent$$00000009  c_w.l(_printf_d.o)
    0x0800318c   0x00000004   Code   RO          806    .ARM.Collect$$_printf_percent$$00000017  c_w.l(_printf_percent_end.o)
    0x08003190   0x00000002   Code   RO          987    .ARM.Collect$$libinit$$00000000  c_w.l(libinit.o)
    0x08003192   0x00000000   Code   RO          989    .ARM.Collect$$libinit$$00000002  c_w.l(libinit2.o)
    0x08003192   0x00000000   Code   RO          992    .ARM.Collect$$libinit$$00000008  c_w.l(libinit2.o)
    0x08003192   0x00000000   Code   RO          994    .ARM.Collect$$libinit$$0000000A  c_w.l(libinit2.o)
    0x08003192   0x00000000   Code   RO          996    .ARM.Collect$$libinit$$0000000C  c_w.l(libinit2.o)
    0x08003192   0x00000006   Code   RO          997    .ARM.Collect$$libinit$$0000000D  c_w.l(libinit2.o)
    0x08003198   0x00000000   Code   RO          999    .ARM.Collect$$libinit$$0000000F  c_w.l(libinit2.o)
    0x08003198   0x0000000c   Code   RO         1000    .ARM.Collect$$libinit$$00000010  c_w.l(libinit2.o)
    0x080031a4   0x00000000   Code   RO         1001    .ARM.Collect$$libinit$$00000011  c_w.l(libinit2.o)
    0x080031a4   0x00000000   Code   RO         1003    .ARM.Collect$$libinit$$00000013  c_w.l(libinit2.o)
    0x080031a4   0x0000000a   Code   RO         1004    .ARM.Collect$$libinit$$00000014  c_w.l(libinit2.o)
    0x080031ae   0x00000000   Code   RO         1005    .ARM.Collect$$libinit$$00000015  c_w.l(libinit2.o)
    0x080031ae   0x00000000   Code   RO         1007    .ARM.Collect$$libinit$$00000017  c_w.l(libinit2.o)
    0x080031ae   0x00000000   Code   RO         1009    .ARM.Collect$$libinit$$00000019  c_w.l(libinit2.o)
    0x080031ae   0x00000000   Code   RO         1011    .ARM.Collect$$libinit$$0000001B  c_w.l(libinit2.o)
    0x080031ae   0x00000000   Code   RO         1013    .ARM.Collect$$libinit$$0000001D  c_w.l(libinit2.o)
    0x080031ae   0x00000000   Code   RO         1015    .ARM.Collect$$libinit$$0000001F  c_w.l(libinit2.o)
    0x080031ae   0x00000000   Code   RO         1017    .ARM.Collect$$libinit$$00000021  c_w.l(libinit2.o)
    0x080031ae   0x00000000   Code   RO         1019    .ARM.Collect$$libinit$$00000023  c_w.l(libinit2.o)
    0x080031ae   0x00000000   Code   RO         1023    .ARM.Collect$$libinit$$0000002A  c_w.l(libinit2.o)
    0x080031ae   0x00000000   Code   RO         1025    .ARM.Collect$$libinit$$0000002C  c_w.l(libinit2.o)
    0x080031ae   0x00000000   Code   RO         1027    .ARM.Collect$$libinit$$0000002E  c_w.l(libinit2.o)
    0x080031ae   0x00000000   Code   RO         1029    .ARM.Collect$$libinit$$00000030  c_w.l(libinit2.o)
    0x080031ae   0x00000002   Code   RO         1030    .ARM.Collect$$libinit$$00000031  c_w.l(libinit2.o)
    0x080031b0   0x00000002   Code   RO         1099    .ARM.Collect$$libshutdown$$00000000  c_w.l(libshutdown.o)
    0x080031b2   0x00000000   Code   RO         1109    .ARM.Collect$$libshutdown$$00000003  c_w.l(libshutdown2.o)
    0x080031b2   0x00000000   Code   RO         1112    .ARM.Collect$$libshutdown$$00000006  c_w.l(libshutdown2.o)
    0x080031b2   0x00000000   Code   RO         1115    .ARM.Collect$$libshutdown$$00000009  c_w.l(libshutdown2.o)
    0x080031b2   0x00000000   Code   RO         1117    .ARM.Collect$$libshutdown$$0000000B  c_w.l(libshutdown2.o)
    0x080031b2   0x00000000   Code   RO         1120    .ARM.Collect$$libshutdown$$0000000E  c_w.l(libshutdown2.o)
    0x080031b2   0x00000002   Code   RO         1121    .ARM.Collect$$libshutdown$$0000000F  c_w.l(libshutdown2.o)
    0x080031b4   0x00000000   Code   RO          795    .ARM.Collect$$rtentry$$00000000  c_w.l(rtentry.o)
    0x080031b4   0x00000000   Code   RO          872    .ARM.Collect$$rtentry$$00000002  c_w.l(rtentry2.o)
    0x080031b4   0x00000006   Code   RO          884    .ARM.Collect$$rtentry$$00000004  c_w.l(rtentry4.o)
    0x080031ba   0x00000000   Code   RO          874    .ARM.Collect$$rtentry$$00000009  c_w.l(rtentry2.o)
    0x080031ba   0x00000004   Code   RO          875    .ARM.Collect$$rtentry$$0000000A  c_w.l(rtentry2.o)
    0x080031be   0x00000000   Code   RO          877    .ARM.Collect$$rtentry$$0000000C  c_w.l(rtentry2.o)
    0x080031be   0x00000008   Code   RO          878    .ARM.Collect$$rtentry$$0000000D  c_w.l(rtentry2.o)
    0x080031c6   0x00000002   Code   RO         1039    .ARM.Collect$$rtexit$$00000000  c_w.l(rtexit.o)
    0x080031c8   0x00000000   Code   RO         1069    .ARM.Collect$$rtexit$$00000002  c_w.l(rtexit2.o)
    0x080031c8   0x00000004   Code   RO         1070    .ARM.Collect$$rtexit$$00000003  c_w.l(rtexit2.o)
    0x080031cc   0x00000006   Code   RO         1071    .ARM.Collect$$rtexit$$00000004  c_w.l(rtexit2.o)
    0x080031d2   0x00000002   PAD
    0x080031d4   0x0000000c   Code   RO          168    .emb_text           sys.o
    0x080031e0   0x00000038   Code   RO            4    .text               startup_stm32f10x_md.o
    0x08003218   0x00000064   Code   RO           12    .text               minibalance.o
    0x0800327c   0x000000ac   Code   RO          142    .text               delay.o
    0x08003328   0x000002c0   Code   RO          169    .text               sys.o
    0x080035e8   0x00000ff8   Code   RO          192    .text               usart.o
    0x080045e0   0x00000068   Code   RO          228    .text               led.o
    0x08004648   0x00000100   Code   RO          249    .text               key.o
    0x08004748   0x000000e8   Code   RO          320    .text               timer.o
    0x08004830   0x000001bc   Code   RO          340    .text               motor.o
    0x080049ec   0x0000050c   Code   RO          380    .text               ioi2c.o
    0x08004ef8   0x00000370   Code   RO          443    .text               usart2.o
    0x08005268   0x00000b7c   Code   RO          466    .text               control.o
    0x08005de4   0x00001e88   Code   RO          520    .text               inv_mpu.o
    0x08007c6c   0x00000d6c   Code   RO          551    .text               inv_mpu_dmp_motion_driver.o
    0x080089d8   0x00000368   Code   RO          572    .text               filter.o
    0x08008d40   0x0000083c   Code   RO          593    .text               mpu6050.o
    0x0800957c   0x00000002   Code   RO          648    .text               c_w.l(use_no_semi_2.o)
    0x0800957e   0x00000048   Code   RO          650    .text               c_w.l(llsdiv.o)
    0x080095c6   0x00000002   PAD
    0x080095c8   0x00000018   Code   RO          654    .text               c_w.l(noretval__2printf.o)
    0x080095e0   0x00000052   Code   RO          658    .text               c_w.l(_printf_pad.o)
    0x08009632   0x00000002   PAD
    0x08009634   0x00000078   Code   RO          660    .text               c_w.l(_printf_dec.o)
    0x080096ac   0x0000010e   Code   RO          670    .text               c_w.l(__printf_wp.o)
    0x080097ba   0x00000002   PAD
    0x080097bc   0x0000003c   Code   RO          685    .text               c_w.l(__0sscanf.o)
    0x080097f8   0x00000150   Code   RO          687    .text               c_w.l(_scanf_int.o)
    0x08009948   0x000000da   Code   RO          689    .text               c_w.l(_scanf_str.o)
    0x08009a22   0x00000058   Code   RO          691    .text               c_w.l(memcmp.o)
    0x08009a7a   0x00000010   Code   RO          693    .text               c_w.l(aeabi_memset.o)
    0x08009a8a   0x00000002   PAD
    0x08009a8c   0x00000080   Code   RO          695    .text               c_w.l(strcmpv7m.o)
    0x08009b0c   0x00000006   Code   RO          697    .text               c_w.l(heapauxi.o)
    0x08009b12   0x00000002   Code   RO          793    .text               c_w.l(use_no_semi.o)
    0x08009b14   0x000000ee   Code   RO          796    .text               c_w.l(lludivv7m.o)
    0x08009c02   0x00000016   Code   RO          798    .text               c_w.l(_rserrno.o)
    0x08009c18   0x000000b8   Code   RO          800    .text               c_w.l(_printf_intcommon.o)
    0x08009cd0   0x00000420   Code   RO          802    .text               c_w.l(_printf_fp_dec.o)
    0x0800a0f0   0x00000024   Code   RO          804    .text               c_w.l(_printf_char_file.o)
    0x0800a114   0x0000001c   Code   RO          807    .text               c_w.l(_chval.o)
    0x0800a130   0x000004a4   Code   RO          809    .text               c_w.l(scanf_fp.o)
    0x0800a5d4   0x0000002c   Code   RO          811    .text               c_w.l(scanf_char.o)
    0x0800a600   0x00000040   Code   RO          813    .text               c_w.l(_sgetc.o)
    0x0800a640   0x00000044   Code   RO          815    .text               c_w.l(rt_memclr.o)
    0x0800a684   0x00000008   Code   RO          893    .text               c_w.l(rt_locale_intlibspace.o)
    0x0800a68c   0x00000008   Code   RO          898    .text               c_w.l(rt_errno_addr_intlibspace.o)
    0x0800a694   0x0000008a   Code   RO          900    .text               c_w.l(lludiv10.o)
    0x0800a71e   0x00000012   Code   RO          902    .text               c_w.l(isspace.o)
    0x0800a730   0x00000030   Code   RO          904    .text               c_w.l(_printf_char_common.o)
    0x0800a760   0x00000080   Code   RO          906    .text               c_w.l(_printf_fp_infnan.o)
    0x0800a7e0   0x00000370   Code   RO          908    .text               c_w.l(_scanf.o)
    0x0800ab50   0x000000e4   Code   RO          910    .text               c_w.l(bigflt0.o)
    0x0800ac34   0x00000008   Code   RO          935    .text               c_w.l(ferror.o)
    0x0800ac3c   0x0000004e   Code   RO          942    .text               c_w.l(rt_memclr_w.o)
    0x0800ac8a   0x00000002   PAD
    0x0800ac8c   0x00000008   Code   RO          965    .text               c_w.l(libspace.o)
    0x0800ac94   0x0000004a   Code   RO          968    .text               c_w.l(sys_stackheap_outer.o)
    0x0800acde   0x00000002   PAD
    0x0800ace0   0x00000010   Code   RO          970    .text               c_w.l(rt_ctype_table.o)
    0x0800acf0   0x00000314   Code   RO          976    .text               c_w.l(scanf_hexfp.o)
    0x0800b004   0x0000013c   Code   RO          978    .text               c_w.l(scanf_infnan.o)
    0x0800b140   0x0000000c   Code   RO          980    .text               c_w.l(exit.o)
    0x0800b14c   0x00000026   Code   RO         1041    .text               c_w.l(llshl.o)
    0x0800b172   0x0000003e   Code   RO          913    CL$$btod_d2e        c_w.l(btod.o)
    0x0800b1b0   0x00000046   Code   RO          915    CL$$btod_d2e_denorm_low  c_w.l(btod.o)
    0x0800b1f6   0x00000060   Code   RO          914    CL$$btod_d2e_norm_op1  c_w.l(btod.o)
    0x0800b256   0x00000338   Code   RO          923    CL$$btod_div_common  c_w.l(btod.o)
    0x0800b58e   0x00000002   PAD
    0x0800b590   0x00000054   Code   RO          921    CL$$btod_e2d        c_w.l(btod.o)
    0x0800b5e4   0x000000c6   Code   RO          920    CL$$btod_e2e        c_w.l(btod.o)
    0x0800b6aa   0x00000028   Code   RO          917    CL$$btod_ediv       c_w.l(btod.o)
    0x0800b6d2   0x00000028   Code   RO          919    CL$$btod_edivd      c_w.l(btod.o)
    0x0800b6fa   0x00000028   Code   RO          916    CL$$btod_emul       c_w.l(btod.o)
    0x0800b722   0x00000028   Code   RO          918    CL$$btod_emuld      c_w.l(btod.o)
    0x0800b74a   0x00000244   Code   RO          922    CL$$btod_mult_common  c_w.l(btod.o)
    0x0800b98e   0x00000028   Code   RO          847    i.__ARM_fpclassify  m_ws.l(fpclassify.o)
    0x0800b9b6   0x00000002   PAD
    0x0800b9b8   0x00000388   Code   RO          852    i.__ieee754_rem_pio2  m_ws.l(rred.o)
    0x0800bd40   0x000000fc   Code   RO          842    i.__kernel_cos      m_ws.l(cos_i.o)
    0x0800be3c   0x000000aa   Code   RO          849    i.__kernel_poly     m_ws.l(poly.o)
    0x0800bee6   0x00000002   PAD
    0x0800bee8   0x000000ec   Code   RO          857    i.__kernel_sin      m_ws.l(sin_i.o)
    0x0800bfd4   0x00000010   Code   RO          845    i.__mathlib_dbl_underflow  m_ws.l(dunder.o)
    0x0800bfe4   0x00000010   Code   RO          959    i.__mathlib_narrow  m_ws.l(narrow.o)
    0x0800bff4   0x00000088   Code   RO          960    i.__mathlib_tofloat  m_ws.l(narrow.o)
    0x0800c07c   0x00000016   Code   RO         1057    i.__support_ldexp   m_ws.l(ldexp.o)
    0x0800c092   0x0000000e   Code   RO          672    i._is_digit         c_w.l(__printf_wp.o)
    0x0800c0a0   0x0000027c   Code   RO          768    i.asin              m_ws.l(asin.o)
    0x0800c31c   0x00000224   Code   RO          833    i.atan              m_ws.l(atan.o)
    0x0800c540   0x00000180   Code   RO          778    i.atan2             m_ws.l(atan2.o)
    0x0800c6c0   0x00000058   Code   RO         1036    i.frexp             m_ws.l(frexp.o)
    0x0800c718   0x0000007e   Code   RO         1058    i.ldexp             m_ws.l(ldexp.o)
    0x0800c796   0x00000002   PAD
    0x0800c798   0x000000b0   Code   RO          786    i.sin               m_ws.l(sin.o)
    0x0800c848   0x0000004c   Code   RO          864    i.sqrt              m_ws.l(sqrt.o)
    0x0800c894   0x0000002c   Code   RO          940    locale$$code        c_w.l(lc_numeric_c.o)
    0x0800c8c0   0x0000002c   Code   RO         1044    locale$$code        c_w.l(lc_ctype_c.o)
    0x0800c8ec   0x00000062   Code   RO          701    x$fpl$d2f           fz_ws.l(d2f.o)
    0x0800c94e   0x00000002   PAD
    0x0800c950   0x00000150   Code   RO          703    x$fpl$dadd          fz_ws.l(daddsub_clz.o)
    0x0800caa0   0x00000010   Code   RO          944    x$fpl$dcheck1       fz_ws.l(dcheck1.o)
    0x0800cab0   0x00000018   Code   RO          817    x$fpl$dcmpinf       fz_ws.l(dcmpi.o)
    0x0800cac8   0x000002b0   Code   RO          710    x$fpl$ddiv          fz_ws.l(ddiv.o)
    0x0800cd78   0x00000078   Code   RO         1031    x$fpl$deqf          fz_ws.l(deqf.o)
    0x0800cdf0   0x0000005e   Code   RO          713    x$fpl$dfix          fz_ws.l(dfix.o)
    0x0800ce4e   0x0000002e   Code   RO          718    x$fpl$dflt          fz_ws.l(dflt_clz.o)
    0x0800ce7c   0x00000026   Code   RO          717    x$fpl$dfltu         fz_ws.l(dflt_clz.o)
    0x0800cea2   0x00000002   PAD
    0x0800cea4   0x00000078   Code   RO          723    x$fpl$dleqf         fz_ws.l(dleqf.o)
    0x0800cf1c   0x00000154   Code   RO          725    x$fpl$dmul          fz_ws.l(dmul.o)
    0x0800d070   0x0000009c   Code   RO          819    x$fpl$dnaninf       fz_ws.l(dnaninf.o)
    0x0800d10c   0x0000000c   Code   RO          821    x$fpl$dretinf       fz_ws.l(dretinf.o)
    0x0800d118   0x0000006c   Code   RO          727    x$fpl$drleqf        fz_ws.l(drleqf.o)
    0x0800d184   0x00000016   Code   RO          704    x$fpl$drsb          fz_ws.l(daddsub_clz.o)
    0x0800d19a   0x00000002   PAD
    0x0800d19c   0x000001cc   Code   RO          946    x$fpl$dsqrt         fz_ws.l(dsqrt_noumaal.o)
    0x0800d368   0x000001d4   Code   RO          705    x$fpl$dsub          fz_ws.l(daddsub_clz.o)
    0x0800d53c   0x00000056   Code   RO          729    x$fpl$f2d           fz_ws.l(f2d.o)
    0x0800d592   0x00000002   PAD
    0x0800d594   0x000000c4   Code   RO          731    x$fpl$fadd          fz_ws.l(faddsub_clz.o)
    0x0800d658   0x00000018   Code   RO          823    x$fpl$fcmpinf       fz_ws.l(fcmpi.o)
    0x0800d670   0x00000184   Code   RO          738    x$fpl$fdiv          fz_ws.l(fdiv.o)
    0x0800d7f4   0x00000068   Code   RO          741    x$fpl$feqf          fz_ws.l(feqf.o)
    0x0800d85c   0x00000036   Code   RO          743    x$fpl$ffix          fz_ws.l(ffix.o)
    0x0800d892   0x00000002   PAD
    0x0800d894   0x0000003e   Code   RO          747    x$fpl$ffixu         fz_ws.l(ffixu.o)
    0x0800d8d2   0x00000002   PAD
    0x0800d8d4   0x00000030   Code   RO          752    x$fpl$fflt          fz_ws.l(fflt_clz.o)
    0x0800d904   0x00000026   Code   RO          751    x$fpl$ffltu         fz_ws.l(fflt_clz.o)
    0x0800d92a   0x00000002   PAD
    0x0800d92c   0x00000068   Code   RO          757    x$fpl$fleqf         fz_ws.l(fleqf.o)
    0x0800d994   0x00000102   Code   RO          759    x$fpl$fmul          fz_ws.l(fmul.o)
    0x0800da96   0x0000008c   Code   RO          825    x$fpl$fnaninf       fz_ws.l(fnaninf.o)
    0x0800db22   0x0000000a   Code   RO          827    x$fpl$fretinf       fz_ws.l(fretinf.o)
    0x0800db2c   0x00000062   Code   RO          761    x$fpl$frleqf        fz_ws.l(frleqf.o)
    0x0800db8e   0x00000014   Code   RO          732    x$fpl$frsb          fz_ws.l(faddsub_clz.o)
    0x0800dba2   0x00000002   PAD
    0x0800dba4   0x000000ea   Code   RO          733    x$fpl$fsub          fz_ws.l(faddsub_clz.o)
    0x0800dc8e   0x00000004   Code   RO          763    x$fpl$printf1       fz_ws.l(printf1.o)
    0x0800dc92   0x00000064   Code   RO         1033    x$fpl$retnan        fz_ws.l(retnan.o)
    0x0800dcf6   0x0000005c   Code   RO          829    x$fpl$scalbn        fz_ws.l(scalbn.o)
    0x0800dd52   0x00000004   Code   RO          765    x$fpl$scanf1        fz_ws.l(scanf1.o)
    0x0800dd56   0x00000008   Code   RO          953    x$fpl$scanf2        fz_ws.l(scanf2.o)
    0x0800dd5e   0x00000030   Code   RO         1054    x$fpl$trapveneer    fz_ws.l(trapv.o)
    0x0800dd8e   0x00000000   Code   RO          831    x$fpl$usenofp       fz_ws.l(usenofp.o)
    0x0800dd8e   0x00000002   PAD
    0x0800dd90   0x00000004   Data   RO           13    .constdata          minibalance.o
    0x0800dd94   0x000002c0   Data   RO          194    .constdata          usart.o
    0x0800e054   0x0000009e   Data   RO          521    .constdata          inv_mpu.o
    0x0800e0f2   0x00000bf6   Data   RO          553    .constdata          inv_mpu_dmp_motion_driver.o
    0x0800ece8   0x00000050   Data   RO          769    .constdata          m_ws.l(asin.o)
    0x0800ed38   0x00000098   Data   RO          834    .constdata          m_ws.l(atan.o)
    0x0800edd0   0x00000030   Data   RO          843    .constdata          m_ws.l(cos_i.o)
    0x0800ee00   0x00000008   Data   RO          851    .constdata          m_ws.l(qnan.o)
    0x0800ee08   0x000000c8   Data   RO          854    .constdata          m_ws.l(rred.o)
    0x0800eed0   0x00000028   Data   RO          858    .constdata          m_ws.l(sin_i.o)
    0x0800eef8   0x00000094   Data   RO          911    .constdata          c_w.l(bigflt0.o)
    0x0800ef8c   0x00000020   Data   RO         1136    Region$$Table       anon$$obj.o
    0x0800efac   0x00000008   Data   RO          948    c$$dinf             fz_ws.l(fpconst.o)
    0x0800efb4   0x0000001c   Data   RO          939    locale$$data        c_w.l(lc_numeric_c.o)
    0x0800efd0   0x00000110   Data   RO         1043    locale$$data        c_w.l(lc_ctype_c.o)


    Execution Region RW_IRAM1 (Base: 0x20000000, Size: 0x000009c0, Max: 0x00005000, ABSOLUTE, COMPRESSED[0x0000004c])

    Base Addr    Size         Type   Attr      Idx    E Section Name        Object

    0x20000000   0x00000028   Data   RW           14    .data               minibalance.o
    0x20000028   0x00000004   Data   RW          143    .data               delay.o
    0x2000002c   0x0000000c   Data   RW          195    .data               usart.o
    0x20000038   0x00000004   Data   RW          229    .data               led.o
    0x2000003c   0x00000007   Data   RW          250    .data               key.o
    0x20000043   0x00000001   PAD
    0x20000044   0x00000014   Data   RW          444    .data               usart2.o
    0x20000058   0x0000005d   Data   RW          468    .data               control.o
    0x200000b5   0x00000003   PAD
    0x200000b8   0x0000002c   Data   RW          522    .data               inv_mpu.o
    0x200000e4   0x00000054   Data   RW          574    .data               filter.o
    0x20000138   0x00000038   Data   RW          595    .data               mpu6050.o
    0x20000170   0x000000c8   Zero   RW          193    .bss                usart.o
    0x20000238   0x00000070   Zero   RW          467    .bss                control.o
    0x200002a8   0x00000010   Zero   RW          552    .bss                inv_mpu_dmp_motion_driver.o
    0x200002b8   0x00000010   Zero   RW          573    .bss                filter.o
    0x200002c8   0x00000092   Zero   RW          594    .bss                mpu6050.o
    0x2000035a   0x00000002   PAD
    0x2000035c   0x00000060   Zero   RW          966    .bss                c_w.l(libspace.o)
    0x200003bc   0x00000004   PAD
    0x200003c0   0x00000200   Zero   RW            2    HEAP                startup_stm32f10x_md.o
    0x200005c0   0x00000400   Zero   RW            1    STACK               startup_stm32f10x_md.o


==============================================================================

Image component sizes


      Code (inc. data)   RO Data    RW Data    ZI Data      Debug   Object Name

      2940        410          0         93        112       6355   control.o
       172          8          0          4          0        899   delay.o
       872         86          0         84         16       2258   filter.o
      7816        172        158         44          0      20515   inv_mpu.o
      3436        124       3062          0         16      14559   inv_mpu_dmp_motion_driver.o
      1292         24          0          0          0       5246   ioi2c.o
       256         34          0          7          0        968   key.o
       104         20          0          4          0        565   led.o
       100          6          4         40          0     207674   minibalance.o
       444         16          0          0          0        993   motor.o
      2108        452          0         56        146      27522   mpu6050.o
        56         22        236          0       1536        732   startup_stm32f10x_md.o
       716         46          0          0          0       2607   sys.o
       232         12          0          0          0        740   timer.o
      4088       1226        704         12        200       4683   usart.o
       880         58          0         20          0       1860   usart2.o

    ----------------------------------------------------------------------
     25512       2716       4196        368       2028     298176   Object Totals
         0          0         32          0          0          0   (incl. Generated)
         0          0          0          4          2          0   (incl. Padding)

    ----------------------------------------------------------------------

      Code (inc. data)   RO Data    RW Data    ZI Data      Debug   Library Member Name

        60          8          0          0          0         84   __0sscanf.o
        58          0          0          0          0          0   __dczerorl.o
         8          0          0          0          0         68   __main.o
       284          0          0          0          0        156   __printf_wp.o
        52          8          0          0          0          0   __scatter.o
        28          0          0          0          0          0   __scatter_zi.o
        28          0          0          0          0         68   _chval.o
        48          6          0          0          0         96   _printf_char_common.o
        36          4          0          0          0         80   _printf_char_file.o
         6          0          0          0          0          0   _printf_d.o
       120         18          0          0          0         92   _printf_dec.o
         6          0          0          0          0          0   _printf_f.o
      1056          0          0          0          0        216   _printf_fp_dec.o
       128         16          0          0          0         84   _printf_fp_infnan.o
       184          0          0          0          0         88   _printf_intcommon.o
        82          0          0          0          0        108   _printf_pad.o
         0          0          0          0          0          0   _printf_percent.o
         4          0          0          0          0          0   _printf_percent_end.o
        22          0          0          0          0        100   _rserrno.o
       880          4          0          0          0        100   _scanf.o
       336          0          0          0          0         96   _scanf_int.o
       218          0          0          0          0         96   _scanf_str.o
        64          0          0          0          0         84   _sgetc.o
        16          0          0          0          0         68   aeabi_memset.o
       228          6        148          0          0         96   bigflt0.o
      2074        132          0          0          0        940   btod.o
        12          0          0          0          0         72   exit.o
         8          0          0          0          0         68   ferror.o
         6          0          0          0          0        152   heapauxi.o
        18          0          0          0          0         76   isspace.o
        44         10        272          0          0         76   lc_ctype_c.o
        44         10         28          0          0         76   lc_numeric_c.o
         2          0          0          0          0          0   libinit.o
        30          0          0          0          0          0   libinit2.o
         2          0          0          0          0          0   libshutdown.o
         2          0          0          0          0          0   libshutdown2.o
         8          4          0          0         96         68   libspace.o
        72          0          0          0          0         76   llsdiv.o
        38          0          0          0          0         68   llshl.o
       138          0          0          0          0         80   lludiv10.o
       238          0          0          0          0        100   lludivv7m.o
        88          0          0          0          0         76   memcmp.o
        24          4          0          0          0         84   noretval__2printf.o
        16          4          0          0          0         76   rt_ctype_table.o
         8          4          0          0          0         68   rt_errno_addr_intlibspace.o
         8          4          0          0          0         68   rt_locale_intlibspace.o
        68          0          0          0          0         68   rt_memclr.o
        78          0          0          0          0         80   rt_memclr_w.o
         0          0          0          0          0          0   rtentry.o
        12          0          0          0          0          0   rtentry2.o
         6          0          0          0          0          0   rtentry4.o
         2          0          0          0          0          0   rtexit.o
        10          0          0          0          0          0   rtexit2.o
        44          8          0          0          0         84   scanf_char.o
      1188         12          0          0          0        148   scanf_fp.o
       788         12          0          0          0        100   scanf_hexfp.o
       316         18          0          0          0        100   scanf_infnan.o
       128          0          0          0          0         68   strcmpv7m.o
        74          0          0          0          0         80   sys_stackheap_outer.o
         2          0          0          0          0         68   use_no_semi.o
         2          0          0          0          0         68   use_no_semi_2.o
        98          4          0          0          0         92   d2f.o
       826         16          0          0          0        348   daddsub_clz.o
        16          4          0          0          0         68   dcheck1.o
        24          0          0          0          0         68   dcmpi.o
       688        140          0          0          0        208   ddiv.o
       120          4          0          0          0         92   deqf.o
        94          4          0          0          0         92   dfix.o
        84          0          0          0          0        136   dflt_clz.o
       120          4          0          0          0         92   dleqf.o
       340         12          0          0          0        104   dmul.o
       156          4          0          0          0         92   dnaninf.o
        12          0          0          0          0         68   dretinf.o
       108          0          0          0          0         80   drleqf.o
       460         56          0          0          0        120   dsqrt_noumaal.o
        86          4          0          0          0         84   f2d.o
       450          8          0          0          0        236   faddsub_clz.o
        24          0          0          0          0         68   fcmpi.o
       388         76          0          0          0         96   fdiv.o
       104          4          0          0          0         84   feqf.o
        54          4          0          0          0         84   ffix.o
        62          4          0          0          0         84   ffixu.o
        86          0          0          0          0        136   fflt_clz.o
       104          4          0          0          0         84   fleqf.o
       258          4          0          0          0         84   fmul.o
       140          4          0          0          0         84   fnaninf.o
         0          0          8          0          0          0   fpconst.o
        10          0          0          0          0         68   fretinf.o
        98          0          0          0          0         68   frleqf.o
         4          0          0          0          0         68   printf1.o
       100          0          0          0          0         68   retnan.o
        92          0          0          0          0         68   scalbn.o
         4          0          0          0          0         68   scanf1.o
         8          0          0          0          0         84   scanf2.o
        48          0          0          0          0         68   trapv.o
         0          0          0          0          0          0   usenofp.o
       636         52         80          0          0        168   asin.o
       548         70        152          0          0        124   atan.o
       384         38          0          0          0        144   atan2.o
       252         22         48          0          0        124   cos_i.o
        16          6          0          0          0         68   dunder.o
        40          0          0          0          0         68   fpclassify.o
        88          8          0          0          0         76   frexp.o
       148          0          0          0          0        160   ldexp.o
       152          4          0          0          0        160   narrow.o
       170          0          0          0          0         96   poly.o
         0          0          8          0          0          0   qnan.o
       904         72        200          0          0        140   rred.o
       176         10          0          0          0        116   sin.o
       236         12         40          0          0        128   sin_i.o
        76          0          0          0          0         84   sqrt.o

    ----------------------------------------------------------------------
     18684        948        984          0        100       9868   Library Totals
        42          2          0          0          4          0   (incl. Padding)

    ----------------------------------------------------------------------

      Code (inc. data)   RO Data    RW Data    ZI Data      Debug   Library Name

      9550        292        448          0         96       4868   c_w.l
      5266        360          8          0          0       3344   fz_ws.l
      3826        294        528          0          0       1656   m_ws.l

    ----------------------------------------------------------------------
     18684        948        984          0        100       9868   Library Totals

    ----------------------------------------------------------------------

==============================================================================


      Code (inc. data)   RO Data    RW Data    ZI Data      Debug   

     44196       3664       5180        368       2128     300868   Grand Totals
     44196       3664       5180         76       2128     300868   ELF Image Totals (compressed)
     44196       3664       5180         76          0          0   ROM Totals

==============================================================================

    Total RO  Size (Code + RO Data)                49376 (  48.22kB)
    Total RW  Size (RW Data + ZI Data)              2496 (   2.44kB)
    Total ROM Size (Code + RO Data + RW Data)      49452 (  48.29kB)

==============================================================================

